#! /c/Source/iverilog-install/bin/vvp
:ivl_version "12.0 (devel)" "(s20150603-1539-g2693dd32b)";
:ivl_delay_selection "TYPICAL";
:vpi_time_precision + 0;
:vpi_module "D:\Apps\iverilog\lib\ivl\system.vpi";
:vpi_module "D:\Apps\iverilog\lib\ivl\vhdl_sys.vpi";
:vpi_module "D:\Apps\iverilog\lib\ivl\vhdl_textio.vpi";
:vpi_module "D:\Apps\iverilog\lib\ivl\v2005_math.vpi";
:vpi_module "D:\Apps\iverilog\lib\ivl\va_math.vpi";
:vpi_module "D:\Apps\iverilog\lib\ivl\v2009.vpi";
S_00000299745b2df0 .scope package, "$unit" "$unit" 2 1;
 .timescale 0 0;
S_00000299745b2f80 .scope module, "uart" "uart" 3 1;
 .timescale 0 0;
    .port_info 0 /INPUT 1 "clk";
    .port_info 1 /INPUT 1 "reset_n";
    .port_info 2 /INPUT 1 "pclk";
    .port_info 3 /INPUT 1 "preset_n";
    .port_info 4 /INPUT 1 "psel";
    .port_info 5 /INPUT 1 "penable";
    .port_info 6 /INPUT 1 "pwrite";
    .port_info 7 /INPUT 4 "pstrb";
    .port_info 8 /INPUT 12 "paddr";
    .port_info 9 /INPUT 32 "pwdata";
    .port_info 10 /INPUT 1 "rx";
    .port_info 11 /INPUT 1 "cts_n";
    .port_info 12 /OUTPUT 1 "pready";
    .port_info 13 /OUTPUT 1 "pslverr";
    .port_info 14 /OUTPUT 32 "prdata";
    .port_info 15 /OUTPUT 1 "tx";
    .port_info 16 /OUTPUT 1 "rts_n";
o00000299746a1d68 .functor BUFZ 1, C4<z>; HiZ drive
L_0000029974661900 .functor BUFZ 1, o00000299746a1d68, C4<0>, C4<0>, C4<0>;
o00000299746a20f8 .functor BUFZ 1, C4<z>; HiZ drive
L_0000029974662000 .functor BUFZ 1, o00000299746a20f8, C4<0>, C4<0>, C4<0>;
L_00000299746623f0 .functor BUFZ 1, L_000002997469e6e0, C4<0>, C4<0>, C4<0>;
o00000299746a1df8 .functor BUFZ 1, C4<z>; HiZ drive
L_0000029974661ac0 .functor BUFZ 1, o00000299746a1df8, C4<0>, C4<0>, C4<0>;
L_0000029974662070 .functor BUFZ 8, L_000002997469e980, C4<00000000>, C4<00000000>, C4<00000000>;
L_00000299746617b0 .functor BUFZ 2, L_000002997469e830, C4<00>, C4<00>, C4<00>;
L_0000029974661c80 .functor BUFZ 1, L_000002997469e9f0, C4<0>, C4<0>, C4<0>;
L_0000029974661d60 .functor BUFZ 1, L_000002997469e050, C4<0>, C4<0>, C4<0>;
L_0000029974661970 .functor BUFZ 1, L_000002997469df00, C4<0>, C4<0>, C4<0>;
L_0000029974662150 .functor BUFZ 1, L_000002997469e440, C4<0>, C4<0>, C4<0>;
L_0000029974662380 .functor BUFZ 1, v00000299746d9090_0, C4<0>, C4<0>, C4<0>;
L_0000029974661dd0 .functor BUFZ 1, o00000299746a1d68, C4<0>, C4<0>, C4<0>;
L_0000029974661eb0 .functor BUFZ 1, o00000299746a20f8, C4<0>, C4<0>, C4<0>;
L_00000299746619e0 .functor BUFZ 1, L_000002997469eb40, C4<0>, C4<0>, C4<0>;
o00000299746a2158 .functor BUFZ 1, C4<z>; HiZ drive
L_0000029974661e40 .functor BUFZ 1, o00000299746a2158, C4<0>, C4<0>, C4<0>;
L_000002997469e590 .functor BUFZ 2, L_000002997469e830, C4<00>, C4<00>, C4<00>;
L_000002997469de90 .functor BUFZ 1, L_000002997469e9f0, C4<0>, C4<0>, C4<0>;
L_000002997469e2f0 .functor BUFZ 1, L_000002997469e050, C4<0>, C4<0>, C4<0>;
L_000002997469ec20 .functor BUFZ 1, L_000002997469df00, C4<0>, C4<0>, C4<0>;
L_000002997469e4b0 .functor BUFZ 8, v00000299746d91d0_0, C4<00000000>, C4<00000000>, C4<00000000>;
L_000002997469e360 .functor BUFZ 1, L_00000299746dcbc0, C4<0>, C4<0>, C4<0>;
L_000002997469ebb0 .functor BUFZ 1, v00000299746d8f50_0, C4<0>, C4<0>, C4<0>;
o00000299746a1f18 .functor BUFZ 1, C4<z>; HiZ drive
L_000002997469e130 .functor BUFZ 1, o00000299746a1f18, C4<0>, C4<0>, C4<0>;
o00000299746a1fd8 .functor BUFZ 1, C4<z>; HiZ drive
L_000002997469e7c0 .functor BUFZ 1, o00000299746a1fd8, C4<0>, C4<0>, C4<0>;
o00000299746a2008 .functor BUFZ 1, C4<z>; HiZ drive
L_000002997469ec90 .functor BUFZ 1, o00000299746a2008, C4<0>, C4<0>, C4<0>;
o00000299746a1f48 .functor BUFZ 1, C4<z>; HiZ drive
L_000002997469e3d0 .functor BUFZ 1, o00000299746a1f48, C4<0>, C4<0>, C4<0>;
o00000299746a20c8 .functor BUFZ 1, C4<z>; HiZ drive
L_000002997469ed00 .functor BUFZ 1, o00000299746a20c8, C4<0>, C4<0>, C4<0>;
o00000299746a2068 .functor BUFZ 4, C4<zzzz>; HiZ drive
L_000002997469e520 .functor BUFZ 4, o00000299746a2068, C4<0000>, C4<0000>, C4<0000>;
o00000299746a1e58 .functor BUFZ 12, C4<zzzzzzzzzzzz>; HiZ drive
L_000002997469ed70 .functor BUFZ 12, o00000299746a1e58, C4<000000000000>, C4<000000000000>, C4<000000000000>;
o00000299746a2098 .functor BUFZ 32, C4<zzzzzzzzzzzzzzzzzzzzzzzzzzzzzzzz>; HiZ drive
L_000002997469e8a0 .functor BUFZ 32, o00000299746a2098, C4<00000000000000000000000000000000>, C4<00000000000000000000000000000000>, C4<00000000000000000000000000000000>;
L_000002997469df70 .functor BUFZ 1, L_00000299746dc170, C4<0>, C4<0>, C4<0>;
L_000002997469e600 .functor BUFZ 1, v00000299746d9a90_0, C4<0>, C4<0>, C4<0>;
L_000002997469e910 .functor BUFZ 32, v00000299746d9e50_0, C4<00000000000000000000000000000000>, C4<00000000000000000000000000000000>, C4<00000000000000000000000000000000>;
L_000002997469e750 .functor BUFZ 1, o00000299746a1d68, C4<0>, C4<0>, C4<0>;
L_000002997469dfe0 .functor BUFZ 1, o00000299746a20f8, C4<0>, C4<0>, C4<0>;
L_000002997469e980 .functor BUFZ 8, v000002997469a690_0, C4<00000000>, C4<00000000>, C4<00000000>;
L_000002997469ead0 .functor BUFZ 8, L_000002997469e4b0, C4<00000000>, C4<00000000>, C4<00000000>;
L_000002997469e830 .functor BUFZ 2, v000002997469aaf0_0, C4<00>, C4<00>, C4<00>;
L_000002997469e9f0 .functor BUFZ 1, v000002997469b8b0_0, C4<0>, C4<0>, C4<0>;
L_000002997469e050 .functor BUFZ 1, v000002997469a4b0_0, C4<0>, C4<0>, C4<0>;
L_000002997469df00 .functor BUFZ 1, v000002997469b6d0_0, C4<0>, C4<0>, C4<0>;
L_000002997469e440 .functor BUFZ 1, v000002997469a410_0, C4<0>, C4<0>, C4<0>;
L_000002997469e670 .functor BUFZ 1, v00000299746d9590_0, C4<0>, C4<0>, C4<0>;
L_000002997469e1a0 .functor BUFZ 1, L_000002997469ebb0, C4<0>, C4<0>, C4<0>;
L_000002997469ea60 .functor BUFZ 1, v00000299746d8370_0, C4<0>, C4<0>, C4<0>;
L_000002997469e0c0 .functor BUFZ 1, o00000299746a1d68, C4<0>, C4<0>, C4<0>;
L_000002997469e210 .functor BUFZ 1, o00000299746a20f8, C4<0>, C4<0>, C4<0>;
L_000002997469e6e0 .functor BUFZ 1, L_00000299746dc7b0, C4<0>, C4<0>, C4<0>;
L_000002997469eb40 .functor BUFZ 1, L_00000299746dad70, C4<0>, C4<0>, C4<0>;
L_00000299746dcbc0 .functor NOT 1, v00000299746d8f50_0, C4<0>, C4<0>, C4<0>;
L_00000299746dd640 .functor NOT 1, L_000002997469ed00, C4<0>, C4<0>, C4<0>;
L_00000299746dcae0 .functor AND 1, L_000002997469ec90, L_00000299746dd640, C4<1>, C4<1>;
L_00000299746dd1e0 .functor AND 1, L_00000299746dcae0, L_000002997469e3d0, C4<1>, C4<1>;
L_00000299746dcd10 .functor AND 1, L_000002997469ec90, L_000002997469ed00, C4<1>, C4<1>;
L_00000299746dcca0 .functor AND 1, L_00000299746dcd10, L_000002997469e3d0, C4<1>, C4<1>;
L_00000299746dd8e8 .functor BUFT 1, C4<1>, C4<0>, C4<0>, C4<0>;
L_00000299746dcc30 .functor XNOR 1, L_000002997469ec90, L_00000299746dd8e8, C4<0>, C4<0>;
L_00000299746dd170 .functor AND 1, L_000002997469ed00, v000002997465fc40_0, C4<1>, C4<1>;
L_00000299746dd720 .functor NOT 1, L_000002997469ed00, C4<0>, C4<0>, C4<0>;
L_00000299746dcf40 .functor AND 1, L_00000299746dd720, v000002997465ef20_0, C4<1>, C4<1>;
L_00000299746dd020 .functor OR 1, L_00000299746dd170, L_00000299746dcf40, C4<0>, C4<0>;
L_00000299746dca70 .functor AND 1, L_00000299746dd1e0, L_00000299746db310, C4<1>, C4<1>;
L_00000299746dd100 .functor AND 1, L_00000299746dcca0, L_00000299746db8b0, C4<1>, C4<1>;
L_00000299746dd6b0 .functor AND 1, L_00000299746dd1e0, L_00000299746daf50, C4<1>, C4<1>;
L_00000299746dd3a0 .functor AND 1, L_00000299746dd1e0, L_00000299746db9f0, C4<1>, C4<1>;
L_00000299746dd250 .functor AND 1, L_00000299746dcca0, L_00000299746db090, C4<1>, C4<1>;
L_00000299746dcd80 .functor AND 1, L_00000299746dd1e0, L_00000299746db130, C4<1>, C4<1>;
L_00000299746dcdf0 .functor AND 1, L_00000299746dcca0, L_00000299746db3b0, C4<1>, C4<1>;
L_00000299746dd2c0 .functor AND 1, L_00000299746dd1e0, L_00000299746db450, C4<1>, C4<1>;
L_00000299746dcb50 .functor BUFZ 8, v000002997469a690_0, C4<00000000>, C4<00000000>, C4<00000000>;
L_00000299746dd410 .functor BUFZ 2, v000002997469aaf0_0, C4<00>, C4<00>, C4<00>;
L_00000299746dd330 .functor BUFZ 1, v000002997469b8b0_0, C4<0>, C4<0>, C4<0>;
L_00000299746dce60 .functor BUFZ 1, v000002997469a4b0_0, C4<0>, C4<0>, C4<0>;
L_00000299746dd800 .functor BUFZ 1, v000002997469b6d0_0, C4<0>, C4<0>, C4<0>;
L_00000299746dd480 .functor BUFZ 1, v000002997469a410_0, C4<0>, C4<0>, C4<0>;
v000002997465f9c0_0 .net "Tpl_100", 0 0, L_00000299746dd250;  1 drivers
v000002997465e160_0 .net "Tpl_101", 0 0, L_00000299746dcd80;  1 drivers
v000002997465e840_0 .net "Tpl_102", 0 0, L_00000299746dcdf0;  1 drivers
v000002997465f740_0 .net "Tpl_103", 0 0, L_00000299746dd2c0;  1 drivers
v000002997465e0c0_0 .var "Tpl_104", 0 0;
v000002997465fa60_0 .var "Tpl_105", 0 0;
v000002997465de40_0 .var "Tpl_106", 0 0;
v000002997465ede0_0 .var "Tpl_107", 7 0;
v000002997465fb00_0 .net "Tpl_108", 31 0, L_00000299746dc350;  1 drivers
v000002997465e200_0 .net "Tpl_109", 31 0, L_00000299746daa50;  1 drivers
v000002997465e480_0 .net "Tpl_110", 31 0, L_00000299746dc3f0;  1 drivers
v000002997465fba0_0 .net "Tpl_111", 31 0, L_00000299746dab90;  1 drivers
v000002997465f560_0 .net "Tpl_112", 31 0, L_00000299746db4f0;  1 drivers
v000002997465fc40_0 .var "Tpl_113", 0 0;
v000002997465ef20_0 .var "Tpl_114", 0 0;
v000002997465ec00_0 .net "Tpl_115", 0 0, L_000002997469e0c0;  1 drivers
v000002997465eac0_0 .net "Tpl_116", 0 0, L_000002997469e210;  1 drivers
v000002997465e660_0 .net "Tpl_117", 0 0, L_00000299746dc7b0;  1 drivers
v000002997465e700_0 .net "Tpl_118", 0 0, L_00000299746dad70;  1 drivers
v000002997465eca0_0 .var "Tpl_119", 4 0;
v000002997465efc0_0 .var "Tpl_120", 8 0;
v000002997465f1a0_0 .net "Tpl_29", 0 0, L_0000029974661900;  1 drivers
v000002997465f240_0 .net "Tpl_30", 0 0, L_0000029974662000;  1 drivers
v000002997465f2e0_0 .net "Tpl_31", 0 0, L_00000299746623f0;  1 drivers
v000002997465f420_0 .net "Tpl_32", 0 0, L_0000029974661ac0;  1 drivers
v00000299746d9630_0 .net "Tpl_33", 7 0, L_0000029974662070;  1 drivers
v00000299746d85f0_0 .net "Tpl_34", 1 0, L_00000299746617b0;  1 drivers
v00000299746d9310_0 .net "Tpl_35", 0 0, L_0000029974661c80;  1 drivers
v00000299746d8730_0 .net "Tpl_36", 0 0, L_0000029974661d60;  1 drivers
v00000299746d8410_0 .net "Tpl_37", 0 0, L_0000029974661970;  1 drivers
v00000299746d9bd0_0 .net "Tpl_38", 0 0, L_0000029974662150;  1 drivers
v00000299746d9090_0 .var "Tpl_39", 0 0;
v00000299746d9590_0 .var "Tpl_40", 0 0;
v00000299746d8190_0 .var "Tpl_41", 1 0;
v00000299746d8ff0_0 .var "Tpl_42", 1 0;
v00000299746d9130_0 .var "Tpl_43", 2 0;
v00000299746d8690_0 .var "Tpl_44", 2 0;
v00000299746d9b30_0 .var "Tpl_45", 1 0;
v00000299746d8cd0_0 .var "Tpl_46", 1 0;
v00000299746d8af0_0 .var "Tpl_47", 7 0;
v00000299746d84b0_0 .net "Tpl_48", 0 0, L_0000029974661dd0;  1 drivers
v00000299746d8d70_0 .net "Tpl_49", 0 0, L_0000029974661eb0;  1 drivers
v00000299746d8230_0 .net "Tpl_50", 0 0, L_00000299746619e0;  1 drivers
v00000299746d9f90_0 .net "Tpl_51", 0 0, L_0000029974661e40;  1 drivers
v00000299746d82d0_0 .net "Tpl_52", 1 0, L_000002997469e590;  1 drivers
v00000299746d87d0_0 .net "Tpl_53", 0 0, L_000002997469de90;  1 drivers
v00000299746d8550_0 .net "Tpl_54", 0 0, L_000002997469e2f0;  1 drivers
v00000299746d93b0_0 .net "Tpl_55", 0 0, L_000002997469ec20;  1 drivers
v00000299746d8e10_0 .net "Tpl_56", 7 0, v00000299746d91d0_0;  1 drivers
v00000299746d8870_0 .net "Tpl_57", 0 0, L_00000299746dcbc0;  1 drivers
v00000299746d8f50_0 .var "Tpl_58", 0 0;
v00000299746d8370_0 .var "Tpl_59", 0 0;
v00000299746d8910_0 .var "Tpl_60", 1 0;
v00000299746d8c30_0 .var "Tpl_61", 1 0;
v00000299746d89b0_0 .var "Tpl_62", 3 0;
v00000299746d9c70_0 .var "Tpl_63", 3 0;
v00000299746d9d10_0 .var "Tpl_64", 1 0;
v00000299746d9450_0 .var "Tpl_65", 3 0;
v00000299746d8eb0_0 .var "Tpl_66", 1 0;
v00000299746d91d0_0 .var "Tpl_67", 7 0;
v00000299746d8b90_0 .var "Tpl_68", 0 0;
v00000299746d9270_0 .var "Tpl_69", 0 0;
v00000299746d98b0_0 .net "Tpl_71", 0 0, L_000002997469e130;  1 drivers
v00000299746d94f0_0 .net "Tpl_72", 0 0, L_000002997469e7c0;  1 drivers
v00000299746d8a50_0 .net "Tpl_73", 0 0, L_000002997469ec90;  1 drivers
v00000299746d96d0_0 .net "Tpl_74", 0 0, L_000002997469e3d0;  1 drivers
v00000299746d9770_0 .net "Tpl_75", 0 0, L_000002997469ed00;  1 drivers
v00000299746d9810_0 .net "Tpl_76", 3 0, L_000002997469e520;  1 drivers
v00000299746d9950_0 .net "Tpl_77", 11 0, L_000002997469ed70;  1 drivers
v00000299746d9db0_0 .net "Tpl_78", 31 0, L_000002997469e8a0;  1 drivers
v00000299746d99f0_0 .net "Tpl_79", 0 0, L_00000299746dc170;  1 drivers
v00000299746d9a90_0 .var "Tpl_80", 0 0;
v00000299746d9e50_0 .var "Tpl_81", 31 0;
v00000299746d9ef0_0 .net "Tpl_82", 0 0, L_000002997469e750;  1 drivers
v00000299746d80f0_0 .net "Tpl_83", 0 0, L_000002997469dfe0;  1 drivers
v000002997469a690_0 .var "Tpl_84", 7 0;
v000002997469b630_0 .net "Tpl_85", 7 0, L_000002997469ead0;  1 drivers
v000002997469aaf0_0 .var "Tpl_86", 1 0;
v000002997469b8b0_0 .var "Tpl_87", 0 0;
v000002997469a4b0_0 .var "Tpl_88", 0 0;
v000002997469b6d0_0 .var "Tpl_89", 0 0;
v000002997469a410_0 .var "Tpl_90", 0 0;
v000002997469b450_0 .net "Tpl_91", 0 0, L_000002997469e670;  1 drivers
v000002997469ba90_0 .net "Tpl_92", 0 0, L_000002997469e1a0;  1 drivers
v000002997469a230_0 .net "Tpl_93", 0 0, L_000002997469ea60;  1 drivers
v000002997469a2d0_0 .net "Tpl_94", 0 0, L_00000299746dd1e0;  1 drivers
v000002997469ab90_0 .net "Tpl_95", 0 0, L_00000299746dcca0;  1 drivers
v000002997469b770_0 .net "Tpl_96", 0 0, L_00000299746dca70;  1 drivers
v000002997469b090_0 .net "Tpl_97", 0 0, L_00000299746dd100;  1 drivers
v000002997469bc70_0 .net "Tpl_98", 0 0, L_00000299746dd6b0;  1 drivers
v000002997469b810_0 .net "Tpl_99", 0 0, L_00000299746dd3a0;  1 drivers
v000002997469b950_0 .net *"_ivl_106", 0 0, L_00000299746dd640;  1 drivers
v000002997469b9f0_0 .net *"_ivl_109", 0 0, L_00000299746dcae0;  1 drivers
v000002997469a050_0 .net *"_ivl_113", 0 0, L_00000299746dcd10;  1 drivers
v000002997469acd0_0 .net/2u *"_ivl_116", 0 0, L_00000299746dd8e8;  1 drivers
v000002997469a0f0_0 .net *"_ivl_118", 0 0, L_00000299746dcc30;  1 drivers
v000002997469bb30_0 .net *"_ivl_120", 0 0, L_00000299746dd170;  1 drivers
v000002997469aeb0_0 .net *"_ivl_122", 0 0, L_00000299746dd720;  1 drivers
v000002997469bbd0_0 .net *"_ivl_124", 0 0, L_00000299746dcf40;  1 drivers
v000002997469b270_0 .net *"_ivl_126", 0 0, L_00000299746dd020;  1 drivers
L_00000299746dd930 .functor BUFT 1, C4<0>, C4<0>, C4<0>, C4<0>;
v000002997469a550_0 .net/2u *"_ivl_128", 0 0, L_00000299746dd930;  1 drivers
v000002997469a5f0_0 .net *"_ivl_132", 31 0, L_00000299746dbb30;  1 drivers
L_00000299746dd978 .functor BUFT 1, C4<00000000000000000000>, C4<0>, C4<0>, C4<0>;
v000002997469aff0_0 .net *"_ivl_135", 19 0, L_00000299746dd978;  1 drivers
L_00000299746dd9c0 .functor BUFT 1, C4<00000000000000000000000000000000>, C4<0>, C4<0>, C4<0>;
v000002997469a730_0 .net/2u *"_ivl_136", 31 0, L_00000299746dd9c0;  1 drivers
v000002997469ae10_0 .net *"_ivl_138", 0 0, L_00000299746db310;  1 drivers
v000002997469ac30_0 .net *"_ivl_142", 31 0, L_00000299746da910;  1 drivers
L_00000299746dda08 .functor BUFT 1, C4<00000000000000000000>, C4<0>, C4<0>, C4<0>;
v000002997469a7d0_0 .net *"_ivl_145", 19 0, L_00000299746dda08;  1 drivers
L_00000299746dda50 .functor BUFT 1, C4<00000000000000000000000000000000>, C4<0>, C4<0>, C4<0>;
v000002997469b130_0 .net/2u *"_ivl_146", 31 0, L_00000299746dda50;  1 drivers
v000002997469bd10_0 .net *"_ivl_148", 0 0, L_00000299746db8b0;  1 drivers
v000002997469a190_0 .net *"_ivl_152", 31 0, L_00000299746da9b0;  1 drivers
L_00000299746dda98 .functor BUFT 1, C4<00000000000000000000>, C4<0>, C4<0>, C4<0>;
v000002997469b3b0_0 .net *"_ivl_155", 19 0, L_00000299746dda98;  1 drivers
L_00000299746ddae0 .functor BUFT 1, C4<00000000000000000000000000000100>, C4<0>, C4<0>, C4<0>;
v000002997469a9b0_0 .net/2u *"_ivl_156", 31 0, L_00000299746ddae0;  1 drivers
v000002997469a870_0 .net *"_ivl_158", 0 0, L_00000299746daf50;  1 drivers
v000002997469ad70_0 .net *"_ivl_162", 31 0, L_00000299746dbef0;  1 drivers
L_00000299746ddb28 .functor BUFT 1, C4<00000000000000000000>, C4<0>, C4<0>, C4<0>;
v000002997469af50_0 .net *"_ivl_165", 19 0, L_00000299746ddb28;  1 drivers
L_00000299746ddb70 .functor BUFT 1, C4<00000000000000000000000000001000>, C4<0>, C4<0>, C4<0>;
v000002997469a910_0 .net/2u *"_ivl_166", 31 0, L_00000299746ddb70;  1 drivers
v000002997469b1d0_0 .net *"_ivl_168", 0 0, L_00000299746db9f0;  1 drivers
v0000029974699e70_0 .net *"_ivl_172", 31 0, L_00000299746dbf90;  1 drivers
L_00000299746ddbb8 .functor BUFT 1, C4<00000000000000000000>, C4<0>, C4<0>, C4<0>;
v000002997469aa50_0 .net *"_ivl_175", 19 0, L_00000299746ddbb8;  1 drivers
L_00000299746ddc00 .functor BUFT 1, C4<00000000000000000000000000001000>, C4<0>, C4<0>, C4<0>;
v000002997469b310_0 .net/2u *"_ivl_176", 31 0, L_00000299746ddc00;  1 drivers
v000002997469b4f0_0 .net *"_ivl_178", 0 0, L_00000299746db090;  1 drivers
v000002997469b590_0 .net *"_ivl_182", 31 0, L_00000299746dba90;  1 drivers
L_00000299746ddc48 .functor BUFT 1, C4<00000000000000000000>, C4<0>, C4<0>, C4<0>;
v0000029974699f10_0 .net *"_ivl_185", 19 0, L_00000299746ddc48;  1 drivers
L_00000299746ddc90 .functor BUFT 1, C4<00000000000000000000000000001100>, C4<0>, C4<0>, C4<0>;
v0000029974699fb0_0 .net/2u *"_ivl_186", 31 0, L_00000299746ddc90;  1 drivers
v000002997469a370_0 .net *"_ivl_188", 0 0, L_00000299746db130;  1 drivers
v000002997469d0a0_0 .net *"_ivl_192", 31 0, L_00000299746db1d0;  1 drivers
L_00000299746ddcd8 .functor BUFT 1, C4<00000000000000000000>, C4<0>, C4<0>, C4<0>;
v000002997469d8c0_0 .net *"_ivl_195", 19 0, L_00000299746ddcd8;  1 drivers
L_00000299746ddd20 .functor BUFT 1, C4<00000000000000000000000000001100>, C4<0>, C4<0>, C4<0>;
v000002997469d140_0 .net/2u *"_ivl_196", 31 0, L_00000299746ddd20;  1 drivers
v000002997469c420_0 .net *"_ivl_198", 0 0, L_00000299746db3b0;  1 drivers
v000002997469c1a0_0 .net *"_ivl_202", 31 0, L_00000299746dc2b0;  1 drivers
L_00000299746ddd68 .functor BUFT 1, C4<00000000000000000000>, C4<0>, C4<0>, C4<0>;
v000002997469ce20_0 .net *"_ivl_205", 19 0, L_00000299746ddd68;  1 drivers
L_00000299746dddb0 .functor BUFT 1, C4<00000000000000000000000000010000>, C4<0>, C4<0>, C4<0>;
v000002997469c560_0 .net/2u *"_ivl_206", 31 0, L_00000299746dddb0;  1 drivers
v000002997469d1e0_0 .net *"_ivl_208", 0 0, L_00000299746db450;  1 drivers
v000002997469c240_0 .net *"_ivl_215", 7 0, L_00000299746dcb50;  1 drivers
v000002997469d500_0 .net *"_ivl_220", 23 0, L_00000299746db270;  1 drivers
v000002997469dc80_0 .net *"_ivl_224", 7 0, v000002997465ede0_0;  1 drivers
v000002997469d280_0 .net *"_ivl_229", 23 0, L_00000299746dbbd0;  1 drivers
v000002997469c920_0 .net *"_ivl_233", 1 0, L_00000299746dd410;  1 drivers
v000002997469c4c0_0 .net *"_ivl_237", 0 0, L_00000299746dd330;  1 drivers
v000002997469d460_0 .net *"_ivl_241", 0 0, L_00000299746dce60;  1 drivers
v000002997469bf20_0 .net *"_ivl_245", 0 0, L_00000299746dd800;  1 drivers
v000002997469c600_0 .net *"_ivl_250", 26 0, L_00000299746dbc70;  1 drivers
v000002997469c100_0 .net *"_ivl_254", 0 0, L_00000299746dd480;  1 drivers
v000002997469c2e0_0 .net *"_ivl_259", 30 0, L_00000299746db810;  1 drivers
v000002997469d3c0_0 .net *"_ivl_263", 0 0, v000002997465e0c0_0;  1 drivers
v000002997469daa0_0 .net *"_ivl_267", 0 0, v000002997465fa60_0;  1 drivers
v000002997469cce0_0 .net *"_ivl_271", 0 0, v000002997465de40_0;  1 drivers
v000002997469da00_0 .net *"_ivl_276", 28 0, L_00000299746dbe50;  1 drivers
v000002997469d820_0 .net *"_ivl_277", 31 0, L_00000299746dbd10;  1 drivers
L_00000299746dddf8 .functor BUFT 1, C4<000000000000000000000000000>, C4<0>, C4<0>, C4<0>;
v000002997469ca60_0 .net *"_ivl_280", 26 0, L_00000299746dddf8;  1 drivers
L_00000299746dde40 .functor BUFT 1, C4<00000000000000000000000000000000>, C4<0>, C4<0>, C4<0>;
v000002997469c380_0 .net/2u *"_ivl_281", 31 0, L_00000299746dde40;  1 drivers
v000002997469d6e0_0 .net *"_ivl_285", 31 0, L_00000299746dc5d0;  1 drivers
L_00000299746dde88 .functor BUFT 1, C4<00000000000000000000000>, C4<0>, C4<0>, C4<0>;
v000002997469d5a0_0 .net *"_ivl_288", 22 0, L_00000299746dde88;  1 drivers
L_00000299746dded0 .functor BUFT 1, C4<00000000000000000000000000000000>, C4<0>, C4<0>, C4<0>;
v000002997469bfc0_0 .net/2u *"_ivl_289", 31 0, L_00000299746dded0;  1 drivers
v000002997469d320_0 .net "clk", 0 0, o00000299746a1d68;  0 drivers
v000002997469d640_0 .net "clk_rx", 0 0, L_000002997469eb40;  1 drivers
v000002997469c880_0 .net "clk_tx", 0 0, L_000002997469e6e0;  1 drivers
v000002997469cd80_0 .net "cts_n", 0 0, o00000299746a1df8;  0 drivers
v000002997469d780_0 .net "data_bit_num", 1 0, L_000002997469e830;  1 drivers
v000002997469cb00_0 .net "paddr", 11 0, o00000299746a1e58;  0 drivers
v000002997469c6a0_0 .net "parity_en", 0 0, L_000002997469e050;  1 drivers
v000002997469c740_0 .net "parity_error", 0 0, v00000299746d8370_0;  1 drivers
v000002997469c7e0_0 .net "parity_type", 0 0, L_000002997469df00;  1 drivers
v000002997469cec0_0 .net "pclk", 0 0, o00000299746a1f18;  0 drivers
v000002997469c9c0_0 .net "penable", 0 0, o00000299746a1f48;  0 drivers
v000002997469db40_0 .net "prdata", 31 0, L_000002997469e910;  1 drivers
v000002997469cf60_0 .net "pready", 0 0, L_000002997469df70;  1 drivers
v000002997469c060_0 .net "preset_n", 0 0, o00000299746a1fd8;  0 drivers
v000002997469cc40_0 .net "psel", 0 0, o00000299746a2008;  0 drivers
v000002997469d000_0 .net "pslverr", 0 0, L_000002997469e600;  1 drivers
v000002997469cba0_0 .net "pstrb", 3 0, o00000299746a2068;  0 drivers
v000002997469d960_0 .net "pwdata", 31 0, o00000299746a2098;  0 drivers
v000002997469dbe0_0 .net "pwrite", 0 0, o00000299746a20c8;  0 drivers
v000002997469dd20_0 .net "reset_n", 0 0, o00000299746a20f8;  0 drivers
v000002997469be80_0 .net "rts_n", 0 0, L_000002997469e360;  1 drivers
v00000299746daaf0_0 .net "rx", 0 0, o00000299746a2158;  0 drivers
v00000299746db630_0 .net "rx_data", 7 0, L_000002997469e4b0;  1 drivers
v00000299746dae10_0 .net "rx_done", 0 0, L_000002997469ebb0;  1 drivers
v00000299746dc670_0 .net "start_tx", 0 0, L_000002997469e440;  1 drivers
v00000299746daeb0_0 .net "stop_bit_num", 0 0, L_000002997469e9f0;  1 drivers
v00000299746db950_0 .net "tx", 0 0, L_0000029974662380;  1 drivers
v00000299746daff0_0 .net "tx_data", 7 0, L_000002997469e980;  1 drivers
v00000299746db590_0 .net "tx_done", 0 0, v00000299746d9590_0;  1 drivers
E_000002997466a5f0/0 .event negedge, v000002997465eac0_0;
E_000002997466a5f0/1 .event posedge, v000002997465ec00_0;
E_000002997466a5f0 .event/or E_000002997466a5f0/0, E_000002997466a5f0/1;
E_000002997466a070 .event anyedge, v00000299746d99f0_0, v00000299746d9770_0, v00000299746d9950_0;
E_000002997466aaf0/0 .event anyedge, v000002997465fb00_0, v000002997469b770_0, v000002997465e200_0, v000002997469bc70_0;
E_000002997466aaf0/1 .event anyedge, v000002997465e480_0, v000002997469b810_0, v000002997465fba0_0, v000002997465e160_0;
E_000002997466aaf0/2 .event anyedge, v000002997465f560_0, v000002997465f740_0;
E_000002997466aaf0 .event/or E_000002997466aaf0/0, E_000002997466aaf0/1, E_000002997466aaf0/2;
E_000002997466aab0/0 .event negedge, v00000299746d80f0_0;
E_000002997466aab0/1 .event posedge, v00000299746d9ef0_0;
E_000002997466aab0 .event/or E_000002997466aab0/0, E_000002997466aab0/1;
E_000002997466a170 .event anyedge, v000002997469a2d0_0;
E_000002997466a2b0 .event anyedge, v000002997469ab90_0;
E_000002997466a9b0/0 .event anyedge, v00000299746d8910_0, v00000299746d89b0_0, v00000299746d8eb0_0, v00000299746d9d10_0;
E_000002997466a9b0/1 .event anyedge, v00000299746d8550_0, v00000299746d9f90_0, v00000299746d93b0_0, v00000299746d9270_0;
E_000002997466a9b0/2 .event anyedge, v00000299746d8b90_0;
E_000002997466a9b0 .event/or E_000002997466a9b0/0, E_000002997466a9b0/1, E_000002997466a9b0/2;
E_000002997466a7b0/0 .event negedge, v00000299746d8d70_0;
E_000002997466a7b0/1 .event posedge, v00000299746d84b0_0;
E_000002997466a7b0 .event/or E_000002997466a7b0/0, E_000002997466a7b0/1;
E_000002997466a870/0 .event anyedge, v00000299746d8910_0, v00000299746d9f90_0, v00000299746d89b0_0, v00000299746d9450_0;
E_000002997466a870/1 .event anyedge, v00000299746d9c70_0, v00000299746d8eb0_0, v00000299746d9d10_0;
E_000002997466a870 .event/or E_000002997466a870/0, E_000002997466a870/1;
E_000002997466a8b0 .event anyedge, v00000299746d8550_0, v00000299746d87d0_0;
E_0000029974669b30 .event anyedge, v00000299746d82d0_0;
E_0000029974669bb0/0 .event negedge, v000002997465f240_0;
E_0000029974669bb0/1 .event posedge, v000002997465f1a0_0;
E_0000029974669bb0 .event/or E_0000029974669bb0/0, E_0000029974669bb0/1;
E_0000029974669b70/0 .event anyedge, v00000299746d8190_0, v00000299746d8690_0, v00000299746d9630_0, v00000299746d8730_0;
E_0000029974669b70/1 .event anyedge, v00000299746d8cd0_0, v00000299746d8410_0, v00000299746d8af0_0;
E_0000029974669b70 .event/or E_0000029974669b70/0, E_0000029974669b70/1;
E_0000029974669c30/0 .event anyedge, v00000299746d8190_0, v00000299746d9bd0_0, v000002997465f420_0, v000002997465f2e0_0;
E_0000029974669c30/1 .event anyedge, v00000299746d8690_0, v00000299746d9130_0, v00000299746d8cd0_0, v00000299746d9b30_0;
E_0000029974669c30 .event/or E_0000029974669c30/0, E_0000029974669c30/1;
E_0000029974669c70 .event anyedge, v00000299746d8730_0, v00000299746d9310_0;
E_000002997466b3b0 .event anyedge, v00000299746d85f0_0, v00000299746d9630_0;
L_00000299746dc170 .functor MUXZ 1, L_00000299746dd930, L_00000299746dd020, L_00000299746dcc30, C4<>;
L_00000299746dbb30 .concat [ 12 20 0 0], L_000002997469ed70, L_00000299746dd978;
L_00000299746db310 .cmp/eq 32, L_00000299746dbb30, L_00000299746dd9c0;
L_00000299746da910 .concat [ 12 20 0 0], L_000002997469ed70, L_00000299746dda08;
L_00000299746db8b0 .cmp/eq 32, L_00000299746da910, L_00000299746dda50;
L_00000299746da9b0 .concat [ 12 20 0 0], L_000002997469ed70, L_00000299746dda98;
L_00000299746daf50 .cmp/eq 32, L_00000299746da9b0, L_00000299746ddae0;
L_00000299746dbef0 .concat [ 12 20 0 0], L_000002997469ed70, L_00000299746ddb28;
L_00000299746db9f0 .cmp/eq 32, L_00000299746dbef0, L_00000299746ddb70;
L_00000299746dbf90 .concat [ 12 20 0 0], L_000002997469ed70, L_00000299746ddbb8;
L_00000299746db090 .cmp/eq 32, L_00000299746dbf90, L_00000299746ddc00;
L_00000299746dba90 .concat [ 12 20 0 0], L_000002997469ed70, L_00000299746ddc48;
L_00000299746db130 .cmp/eq 32, L_00000299746dba90, L_00000299746ddc90;
L_00000299746db1d0 .concat [ 12 20 0 0], L_000002997469ed70, L_00000299746ddcd8;
L_00000299746db3b0 .cmp/eq 32, L_00000299746db1d0, L_00000299746ddd20;
L_00000299746dc2b0 .concat [ 12 20 0 0], L_000002997469ed70, L_00000299746ddd68;
L_00000299746db450 .cmp/eq 32, L_00000299746dc2b0, L_00000299746dddb0;
L_00000299746dc350 .concat8 [ 8 24 0 0], L_00000299746dcb50, L_00000299746db270;
L_00000299746db270 .part L_000002997469e8a0, 8, 24;
L_00000299746daa50 .concat8 [ 8 24 0 0], v000002997465ede0_0, L_00000299746dbbd0;
L_00000299746dbbd0 .part L_000002997469e8a0, 8, 24;
LS_00000299746dc3f0_0_0 .concat8 [ 2 1 1 1], L_00000299746dd410, L_00000299746dd330, L_00000299746dce60, L_00000299746dd800;
LS_00000299746dc3f0_0_4 .concat8 [ 27 0 0 0], L_00000299746dbc70;
L_00000299746dc3f0 .concat8 [ 5 27 0 0], LS_00000299746dc3f0_0_0, LS_00000299746dc3f0_0_4;
L_00000299746dbc70 .part L_000002997469e8a0, 5, 27;
L_00000299746dab90 .concat8 [ 1 31 0 0], L_00000299746dd480, L_00000299746db810;
L_00000299746db810 .part L_000002997469e8a0, 1, 31;
L_00000299746db4f0 .concat8 [ 1 1 1 29], v000002997465e0c0_0, v000002997465fa60_0, v000002997465de40_0, L_00000299746dbe50;
L_00000299746dbe50 .part L_000002997469e8a0, 3, 29;
L_00000299746dbd10 .concat [ 5 27 0 0], v000002997465eca0_0, L_00000299746dddf8;
L_00000299746dad70 .cmp/eq 32, L_00000299746dbd10, L_00000299746dde40;
L_00000299746dc5d0 .concat [ 9 23 0 0], v000002997465efc0_0, L_00000299746dde88;
L_00000299746dc7b0 .cmp/eq 32, L_00000299746dc5d0, L_00000299746dded0;
S_000002997467e2d0 .scope begin, "proc_data_bit_num_78" "proc_data_bit_num_78" 3 569, 3 569 0, S_00000299745b2f80;
 .timescale 0 0;
S_000002997467e460 .scope begin, "proc_parity_en_84" "proc_parity_en_84" 3 599, 3 599 0, S_00000299745b2f80;
 .timescale 0 0;
S_000002997467e5f0 .scope begin, "proc_parity_error_102" "proc_parity_error_102" 3 683, 3 683 0, S_00000299745b2f80;
 .timescale 0 0;
S_000002997467e780 .scope begin, "proc_parity_type_87" "proc_parity_type_87" 3 614, 3 614 0, S_00000299745b2f80;
 .timescale 0 0;
S_000002997467e910 .scope begin, "proc_rx_data_93" "proc_rx_data_93" 3 644, 3 644 0, S_00000299745b2f80;
 .timescale 0 0;
S_000002997467eaa0 .scope begin, "proc_rx_done_99" "proc_rx_done_99" 3 670, 3 670 0, S_00000299745b2f80;
 .timescale 0 0;
S_000002997467ec30 .scope begin, "proc_start_tx_90" "proc_start_tx_90" 3 629, 3 629 0, S_00000299745b2f80;
 .timescale 0 0;
S_000002997467edc0 .scope begin, "proc_stop_bit_num_81" "proc_stop_bit_num_81" 3 584, 3 584 0, S_00000299745b2f80;
 .timescale 0 0;
S_000002997467ef50 .scope begin, "proc_tx_done_96" "proc_tx_done_96" 3 657, 3 657 0, S_00000299745b2f80;
 .timescale 0 0;
S_000002997467f0e0 .scope begin, "proc_tx_write_data_75" "proc_tx_write_data_75" 3 554, 3 554 0, S_00000299745b2f80;
 .timescale 0 0;
    .scope S_00000299745b2f80;
T_0 ;
    %wait E_000002997466b3b0;
    %load/vec4 v00000299746d85f0_0;
    %dup/vec4;
    %pushi/vec4 0, 0, 2;
    %cmp/u;
    %jmp/1 T_0.0, 6;
    %dup/vec4;
    %pushi/vec4 1, 0, 2;
    %cmp/u;
    %jmp/1 T_0.1, 6;
    %dup/vec4;
    %pushi/vec4 2, 0, 2;
    %cmp/u;
    %jmp/1 T_0.2, 6;
    %dup/vec4;
    %pushi/vec4 3, 0, 2;
    %cmp/u;
    %jmp/1 T_0.3, 6;
    %pushi/vec4 7, 0, 3;
    %store/vec4 v00000299746d9130_0, 0, 3;
    %jmp T_0.5;
T_0.0 ;
    %pushi/vec4 4, 0, 3;
    %store/vec4 v00000299746d9130_0, 0, 3;
    %load/vec4 v00000299746d9630_0;
    %parti/s 5, 0, 2;
    %pad/u 8;
    %store/vec4 v00000299746d8af0_0, 0, 8;
    %jmp T_0.5;
T_0.1 ;
    %pushi/vec4 5, 0, 3;
    %store/vec4 v00000299746d9130_0, 0, 3;
    %load/vec4 v00000299746d9630_0;
    %parti/s 6, 0, 2;
    %pad/u 8;
    %store/vec4 v00000299746d8af0_0, 0, 8;
    %jmp T_0.5;
T_0.2 ;
    %pushi/vec4 6, 0, 3;
    %store/vec4 v00000299746d9130_0, 0, 3;
    %load/vec4 v00000299746d9630_0;
    %parti/s 7, 0, 2;
    %pad/u 8;
    %store/vec4 v00000299746d8af0_0, 0, 8;
    %jmp T_0.5;
T_0.3 ;
    %pushi/vec4 7, 0, 3;
    %store/vec4 v00000299746d9130_0, 0, 3;
    %load/vec4 v00000299746d9630_0;
    %store/vec4 v00000299746d8af0_0, 0, 8;
    %jmp T_0.5;
T_0.5 ;
    %pop/vec4 1;
    %jmp T_0;
    .thread T_0, $push;
    .scope S_00000299745b2f80;
T_1 ;
    %wait E_0000029974669c70;
    %load/vec4 v00000299746d8730_0;
    %load/vec4 v00000299746d9310_0;
    %concat/vec4; draw_concat_vec4
    %dup/vec4;
    %pushi/vec4 0, 0, 2;
    %cmp/u;
    %jmp/1 T_1.0, 6;
    %dup/vec4;
    %pushi/vec4 1, 0, 2;
    %cmp/u;
    %jmp/1 T_1.1, 6;
    %dup/vec4;
    %pushi/vec4 2, 0, 2;
    %cmp/u;
    %jmp/1 T_1.2, 6;
    %dup/vec4;
    %pushi/vec4 3, 0, 2;
    %cmp/u;
    %jmp/1 T_1.3, 6;
    %pushi/vec4 0, 0, 2;
    %store/vec4 v00000299746d9b30_0, 0, 2;
    %jmp T_1.5;
T_1.0 ;
    %pushi/vec4 0, 0, 2;
    %store/vec4 v00000299746d9b30_0, 0, 2;
    %jmp T_1.5;
T_1.1 ;
    %pushi/vec4 1, 0, 2;
    %store/vec4 v00000299746d9b30_0, 0, 2;
    %jmp T_1.5;
T_1.2 ;
    %pushi/vec4 1, 0, 2;
    %store/vec4 v00000299746d9b30_0, 0, 2;
    %jmp T_1.5;
T_1.3 ;
    %pushi/vec4 2, 0, 2;
    %store/vec4 v00000299746d9b30_0, 0, 2;
    %jmp T_1.5;
T_1.5 ;
    %pop/vec4 1;
    %jmp T_1;
    .thread T_1, $push;
    .scope S_00000299745b2f80;
T_2 ;
    %wait E_0000029974669bb0;
    %load/vec4 v000002997465f240_0;
    %inv;
    %flag_set/vec4 8;
    %jmp/0xz  T_2.0, 8;
    %pushi/vec4 0, 0, 2;
    %assign/vec4 v00000299746d8190_0, 0;
    %jmp T_2.1;
T_2.0 ;
    %load/vec4 v00000299746d8ff0_0;
    %assign/vec4 v00000299746d8190_0, 0;
    %load/vec4 v00000299746d8190_0;
    %dup/vec4;
    %pushi/vec4 0, 0, 2;
    %cmp/u;
    %jmp/1 T_2.2, 6;
    %dup/vec4;
    %pushi/vec4 2, 0, 2;
    %cmp/u;
    %jmp/1 T_2.3, 6;
    %dup/vec4;
    %pushi/vec4 3, 0, 2;
    %cmp/u;
    %jmp/1 T_2.4, 6;
    %pushi/vec4 0, 0, 3;
    %assign/vec4 v00000299746d8690_0, 0;
    %pushi/vec4 0, 0, 2;
    %assign/vec4 v00000299746d8cd0_0, 0;
    %jmp T_2.6;
T_2.2 ;
    %pushi/vec4 0, 0, 3;
    %assign/vec4 v00000299746d8690_0, 0;
    %pushi/vec4 0, 0, 2;
    %assign/vec4 v00000299746d8cd0_0, 0;
    %jmp T_2.6;
T_2.3 ;
    %load/vec4 v000002997465f2e0_0;
    %flag_set/vec4 8;
    %jmp/0xz  T_2.7, 8;
    %load/vec4 v00000299746d8690_0;
    %addi 1, 0, 3;
    %assign/vec4 v00000299746d8690_0, 0;
    %jmp T_2.8;
T_2.7 ;
    %load/vec4 v00000299746d8690_0;
    %assign/vec4 v00000299746d8690_0, 0;
T_2.8 ;
    %jmp T_2.6;
T_2.4 ;
    %load/vec4 v000002997465f2e0_0;
    %flag_set/vec4 8;
    %jmp/0xz  T_2.9, 8;
    %load/vec4 v00000299746d8cd0_0;
    %addi 1, 0, 2;
    %assign/vec4 v00000299746d8cd0_0, 0;
    %jmp T_2.10;
T_2.9 ;
    %load/vec4 v00000299746d8cd0_0;
    %assign/vec4 v00000299746d8cd0_0, 0;
T_2.10 ;
    %jmp T_2.6;
T_2.6 ;
    %pop/vec4 1;
T_2.1 ;
    %jmp T_2;
    .thread T_2;
    .scope S_00000299745b2f80;
T_3 ;
    %wait E_0000029974669c30;
    %load/vec4 v00000299746d8190_0;
    %dup/vec4;
    %pushi/vec4 0, 0, 2;
    %cmp/u;
    %jmp/1 T_3.0, 6;
    %dup/vec4;
    %pushi/vec4 1, 0, 2;
    %cmp/u;
    %jmp/1 T_3.1, 6;
    %dup/vec4;
    %pushi/vec4 2, 0, 2;
    %cmp/u;
    %jmp/1 T_3.2, 6;
    %dup/vec4;
    %pushi/vec4 3, 0, 2;
    %cmp/u;
    %jmp/1 T_3.3, 6;
    %pushi/vec4 0, 0, 2;
    %store/vec4 v00000299746d8ff0_0, 0, 2;
    %jmp T_3.5;
T_3.0 ;
    %load/vec4 v00000299746d9bd0_0;
    %flag_set/vec4 10;
    %flag_get/vec4 10;
    %jmp/0 T_3.9, 10;
    %load/vec4 v000002997465f420_0;
    %nor/r;
    %and;
T_3.9;
    %flag_set/vec4 9;
    %flag_get/vec4 9;
    %jmp/0 T_3.8, 9;
    %load/vec4 v000002997465f2e0_0;
    %and;
T_3.8;
    %flag_set/vec4 8;
    %jmp/0xz  T_3.6, 8;
    %pushi/vec4 1, 0, 2;
    %store/vec4 v00000299746d8ff0_0, 0, 2;
    %jmp T_3.7;
T_3.6 ;
    %pushi/vec4 0, 0, 2;
    %store/vec4 v00000299746d8ff0_0, 0, 2;
T_3.7 ;
    %jmp T_3.5;
T_3.1 ;
    %load/vec4 v000002997465f2e0_0;
    %flag_set/vec4 8;
    %jmp/0xz  T_3.10, 8;
    %pushi/vec4 2, 0, 2;
    %store/vec4 v00000299746d8ff0_0, 0, 2;
    %jmp T_3.11;
T_3.10 ;
    %pushi/vec4 1, 0, 2;
    %store/vec4 v00000299746d8ff0_0, 0, 2;
T_3.11 ;
    %jmp T_3.5;
T_3.2 ;
    %load/vec4 v000002997465f2e0_0;
    %flag_set/vec4 8;
    %jmp/0xz  T_3.12, 8;
    %load/vec4 v00000299746d8690_0;
    %load/vec4 v00000299746d9130_0;
    %cmp/e;
    %jmp/0xz  T_3.14, 4;
    %pushi/vec4 3, 0, 2;
    %store/vec4 v00000299746d8ff0_0, 0, 2;
    %jmp T_3.15;
T_3.14 ;
    %pushi/vec4 2, 0, 2;
    %store/vec4 v00000299746d8ff0_0, 0, 2;
T_3.15 ;
    %jmp T_3.13;
T_3.12 ;
    %pushi/vec4 2, 0, 2;
    %store/vec4 v00000299746d8ff0_0, 0, 2;
T_3.13 ;
    %jmp T_3.5;
T_3.3 ;
    %load/vec4 v000002997465f2e0_0;
    %flag_set/vec4 8;
    %jmp/0xz  T_3.16, 8;
    %load/vec4 v00000299746d8cd0_0;
    %load/vec4 v00000299746d9b30_0;
    %cmp/e;
    %jmp/0xz  T_3.18, 4;
    %pushi/vec4 0, 0, 2;
    %store/vec4 v00000299746d8ff0_0, 0, 2;
    %jmp T_3.19;
T_3.18 ;
    %pushi/vec4 3, 0, 2;
    %store/vec4 v00000299746d8ff0_0, 0, 2;
T_3.19 ;
    %jmp T_3.17;
T_3.16 ;
    %pushi/vec4 3, 0, 2;
    %store/vec4 v00000299746d8ff0_0, 0, 2;
T_3.17 ;
    %jmp T_3.5;
T_3.5 ;
    %pop/vec4 1;
    %jmp T_3;
    .thread T_3, $push;
    .scope S_00000299745b2f80;
T_4 ;
    %wait E_0000029974669b70;
    %load/vec4 v00000299746d8190_0;
    %dup/vec4;
    %pushi/vec4 0, 0, 2;
    %cmp/u;
    %jmp/1 T_4.0, 6;
    %dup/vec4;
    %pushi/vec4 1, 0, 2;
    %cmp/u;
    %jmp/1 T_4.1, 6;
    %dup/vec4;
    %pushi/vec4 2, 0, 2;
    %cmp/u;
    %jmp/1 T_4.2, 6;
    %dup/vec4;
    %pushi/vec4 3, 0, 2;
    %cmp/u;
    %jmp/1 T_4.3, 6;
    %pushi/vec4 1, 0, 1;
    %store/vec4 v00000299746d9090_0, 0, 1;
    %jmp T_4.5;
T_4.0 ;
    %pushi/vec4 1, 0, 1;
    %store/vec4 v00000299746d9090_0, 0, 1;
    %jmp T_4.5;
T_4.1 ;
    %pushi/vec4 0, 0, 1;
    %store/vec4 v00000299746d9090_0, 0, 1;
    %jmp T_4.5;
T_4.2 ;
    %load/vec4 v00000299746d9630_0;
    %load/vec4 v00000299746d8690_0;
    %part/u 1;
    %store/vec4 v00000299746d9090_0, 0, 1;
    %jmp T_4.5;
T_4.3 ;
    %load/vec4 v00000299746d8730_0;
    %flag_set/vec4 9;
    %flag_get/vec4 9;
    %jmp/0 T_4.8, 9;
    %load/vec4 v00000299746d8cd0_0;
    %pad/u 32;
    %pushi/vec4 0, 0, 32;
    %cmp/e;
    %flag_get/vec4 4;
    %and;
T_4.8;
    %flag_set/vec4 8;
    %jmp/0xz  T_4.6, 8;
    %load/vec4 v00000299746d8410_0;
    %flag_set/vec4 8;
    %jmp/0 T_4.9, 8;
    %load/vec4 v00000299746d8af0_0;
    %xor/r;
    %jmp/1 T_4.10, 8;
T_4.9 ; End of true expr.
    %load/vec4 v00000299746d8af0_0;
    %xnor/r;
    %jmp/0 T_4.10, 8;
 ; End of false expr.
    %blend;
T_4.10;
    %store/vec4 v00000299746d9090_0, 0, 1;
    %jmp T_4.7;
T_4.6 ;
    %pushi/vec4 1, 0, 1;
    %store/vec4 v00000299746d9090_0, 0, 1;
T_4.7 ;
    %jmp T_4.5;
T_4.5 ;
    %pop/vec4 1;
    %jmp T_4;
    .thread T_4, $push;
    .scope S_00000299745b2f80;
T_5 ;
    %wait E_0000029974669bb0;
    %load/vec4 v000002997465f240_0;
    %inv;
    %flag_set/vec4 8;
    %jmp/0xz  T_5.0, 8;
    %pushi/vec4 1, 0, 1;
    %assign/vec4 v00000299746d9590_0, 0;
    %jmp T_5.1;
T_5.0 ;
    %load/vec4 v000002997465f2e0_0;
    %flag_set/vec4 8;
    %jmp/0xz  T_5.2, 8;
    %load/vec4 v00000299746d8190_0;
    %cmpi/e 3, 0, 2;
    %flag_get/vec4 4;
    %jmp/0 T_5.7, 4;
    %load/vec4 v00000299746d8cd0_0;
    %load/vec4 v00000299746d9b30_0;
    %cmp/e;
    %flag_get/vec4 4;
    %and;
T_5.7;
    %flag_set/vec4 8;
    %jmp/1 T_5.6, 8;
    %load/vec4 v00000299746d8190_0;
    %cmpi/e 0, 0, 2;
    %flag_or 8, 4;
T_5.6;
    %jmp/0xz  T_5.4, 8;
    %pushi/vec4 1, 0, 1;
    %assign/vec4 v00000299746d9590_0, 0;
    %jmp T_5.5;
T_5.4 ;
    %pushi/vec4 0, 0, 1;
    %assign/vec4 v00000299746d9590_0, 0;
T_5.5 ;
    %jmp T_5.3;
T_5.2 ;
    %load/vec4 v00000299746d9590_0;
    %assign/vec4 v00000299746d9590_0, 0;
T_5.3 ;
T_5.1 ;
    %jmp T_5;
    .thread T_5;
    .scope S_00000299745b2f80;
T_6 ;
    %wait E_0000029974669b30;
    %load/vec4 v00000299746d82d0_0;
    %dup/vec4;
    %pushi/vec4 0, 0, 2;
    %cmp/u;
    %jmp/1 T_6.0, 6;
    %dup/vec4;
    %pushi/vec4 1, 0, 2;
    %cmp/u;
    %jmp/1 T_6.1, 6;
    %dup/vec4;
    %pushi/vec4 2, 0, 2;
    %cmp/u;
    %jmp/1 T_6.2, 6;
    %dup/vec4;
    %pushi/vec4 3, 0, 2;
    %cmp/u;
    %jmp/1 T_6.3, 6;
    %pushi/vec4 8, 0, 4;
    %store/vec4 v00000299746d9c70_0, 0, 4;
    %jmp T_6.5;
T_6.0 ;
    %pushi/vec4 5, 0, 4;
    %store/vec4 v00000299746d9c70_0, 0, 4;
    %jmp T_6.5;
T_6.1 ;
    %pushi/vec4 6, 0, 4;
    %store/vec4 v00000299746d9c70_0, 0, 4;
    %jmp T_6.5;
T_6.2 ;
    %pushi/vec4 7, 0, 4;
    %store/vec4 v00000299746d9c70_0, 0, 4;
    %jmp T_6.5;
T_6.3 ;
    %pushi/vec4 8, 0, 4;
    %store/vec4 v00000299746d9c70_0, 0, 4;
    %jmp T_6.5;
T_6.5 ;
    %pop/vec4 1;
    %jmp T_6;
    .thread T_6, $push;
    .scope S_00000299745b2f80;
T_7 ;
    %wait E_000002997466a8b0;
    %load/vec4 v00000299746d8550_0;
    %load/vec4 v00000299746d87d0_0;
    %concat/vec4; draw_concat_vec4
    %dup/vec4;
    %pushi/vec4 0, 0, 2;
    %cmp/u;
    %jmp/1 T_7.0, 6;
    %dup/vec4;
    %pushi/vec4 1, 0, 2;
    %cmp/u;
    %jmp/1 T_7.1, 6;
    %dup/vec4;
    %pushi/vec4 2, 0, 2;
    %cmp/u;
    %jmp/1 T_7.2, 6;
    %dup/vec4;
    %pushi/vec4 3, 0, 2;
    %cmp/u;
    %jmp/1 T_7.3, 6;
    %pushi/vec4 1, 0, 2;
    %store/vec4 v00000299746d9d10_0, 0, 2;
    %jmp T_7.5;
T_7.0 ;
    %pushi/vec4 1, 0, 2;
    %store/vec4 v00000299746d9d10_0, 0, 2;
    %jmp T_7.5;
T_7.1 ;
    %pushi/vec4 2, 0, 2;
    %store/vec4 v00000299746d9d10_0, 0, 2;
    %jmp T_7.5;
T_7.2 ;
    %pushi/vec4 2, 0, 2;
    %store/vec4 v00000299746d9d10_0, 0, 2;
    %jmp T_7.5;
T_7.3 ;
    %pushi/vec4 3, 0, 2;
    %store/vec4 v00000299746d9d10_0, 0, 2;
    %jmp T_7.5;
T_7.5 ;
    %pop/vec4 1;
    %jmp T_7;
    .thread T_7, $push;
    .scope S_00000299745b2f80;
T_8 ;
    %wait E_000002997466a870;
    %load/vec4 v00000299746d8910_0;
    %dup/vec4;
    %pushi/vec4 3, 0, 2;
    %cmp/u;
    %jmp/1 T_8.0, 6;
    %dup/vec4;
    %pushi/vec4 0, 0, 2;
    %cmp/u;
    %jmp/1 T_8.1, 6;
    %dup/vec4;
    %pushi/vec4 1, 0, 2;
    %cmp/u;
    %jmp/1 T_8.2, 6;
    %dup/vec4;
    %pushi/vec4 2, 0, 2;
    %cmp/u;
    %jmp/1 T_8.3, 6;
    %pushi/vec4 3, 0, 2;
    %store/vec4 v00000299746d8c30_0, 0, 2;
    %jmp T_8.5;
T_8.0 ;
    %load/vec4 v00000299746d9f90_0;
    %nor/r;
    %flag_set/vec4 8;
    %jmp/0xz  T_8.6, 8;
    %pushi/vec4 0, 0, 2;
    %store/vec4 v00000299746d8c30_0, 0, 2;
    %jmp T_8.7;
T_8.6 ;
    %pushi/vec4 3, 0, 2;
    %store/vec4 v00000299746d8c30_0, 0, 2;
T_8.7 ;
    %jmp T_8.5;
T_8.1 ;
    %load/vec4 v00000299746d89b0_0;
    %pad/u 32;
    %cmpi/e 15, 0, 32;
    %jmp/0xz  T_8.8, 4;
    %pushi/vec4 1, 0, 2;
    %store/vec4 v00000299746d8c30_0, 0, 2;
    %jmp T_8.9;
T_8.8 ;
    %pushi/vec4 0, 0, 2;
    %store/vec4 v00000299746d8c30_0, 0, 2;
T_8.9 ;
    %jmp T_8.5;
T_8.2 ;
    %load/vec4 v00000299746d89b0_0;
    %pad/u 32;
    %cmpi/e 15, 0, 32;
    %flag_get/vec4 4;
    %jmp/0 T_8.12, 4;
    %load/vec4 v00000299746d9450_0;
    %load/vec4 v00000299746d9c70_0;
    %cmp/e;
    %flag_get/vec4 4;
    %and;
T_8.12;
    %flag_set/vec4 8;
    %jmp/0xz  T_8.10, 8;
    %pushi/vec4 2, 0, 2;
    %store/vec4 v00000299746d8c30_0, 0, 2;
    %jmp T_8.11;
T_8.10 ;
    %pushi/vec4 1, 0, 2;
    %store/vec4 v00000299746d8c30_0, 0, 2;
T_8.11 ;
    %jmp T_8.5;
T_8.3 ;
    %load/vec4 v00000299746d89b0_0;
    %pad/u 32;
    %cmpi/e 15, 0, 32;
    %flag_get/vec4 4;
    %jmp/0 T_8.15, 4;
    %load/vec4 v00000299746d8eb0_0;
    %load/vec4 v00000299746d9d10_0;
    %cmp/e;
    %flag_get/vec4 4;
    %and;
T_8.15;
    %flag_set/vec4 8;
    %jmp/0xz  T_8.13, 8;
    %pushi/vec4 3, 0, 2;
    %store/vec4 v00000299746d8c30_0, 0, 2;
    %jmp T_8.14;
T_8.13 ;
    %pushi/vec4 2, 0, 2;
    %store/vec4 v00000299746d8c30_0, 0, 2;
T_8.14 ;
    %jmp T_8.5;
T_8.5 ;
    %pop/vec4 1;
    %jmp T_8;
    .thread T_8, $push;
    .scope S_00000299745b2f80;
T_9 ;
    %wait E_000002997466a7b0;
    %load/vec4 v00000299746d8d70_0;
    %inv;
    %flag_set/vec4 8;
    %jmp/0xz  T_9.0, 8;
    %pushi/vec4 0, 0, 2;
    %assign/vec4 v00000299746d8910_0, 0;
    %pushi/vec4 0, 0, 4;
    %assign/vec4 v00000299746d9450_0, 0;
    %pushi/vec4 0, 0, 2;
    %assign/vec4 v00000299746d8eb0_0, 0;
    %pushi/vec4 0, 0, 4;
    %assign/vec4 v00000299746d89b0_0, 0;
    %jmp T_9.1;
T_9.0 ;
    %load/vec4 v00000299746d8c30_0;
    %assign/vec4 v00000299746d8910_0, 0;
    %load/vec4 v00000299746d8910_0;
    %dup/vec4;
    %pushi/vec4 3, 0, 2;
    %cmp/u;
    %jmp/1 T_9.2, 6;
    %dup/vec4;
    %pushi/vec4 0, 0, 2;
    %cmp/u;
    %jmp/1 T_9.3, 6;
    %dup/vec4;
    %pushi/vec4 1, 0, 2;
    %cmp/u;
    %jmp/1 T_9.4, 6;
    %dup/vec4;
    %pushi/vec4 2, 0, 2;
    %cmp/u;
    %jmp/1 T_9.5, 6;
    %jmp T_9.6;
T_9.2 ;
    %pushi/vec4 0, 0, 4;
    %assign/vec4 v00000299746d89b0_0, 0;
    %pushi/vec4 0, 0, 1;
    %assign/vec4 v00000299746d9270_0, 0;
    %jmp T_9.6;
T_9.3 ;
    %pushi/vec4 0, 0, 4;
    %assign/vec4 v00000299746d9450_0, 0;
    %pushi/vec4 0, 0, 2;
    %assign/vec4 v00000299746d8eb0_0, 0;
    %load/vec4 v00000299746d8230_0;
    %flag_set/vec4 8;
    %jmp/0xz  T_9.7, 8;
    %load/vec4 v00000299746d89b0_0;
    %addi 1, 0, 4;
    %assign/vec4 v00000299746d89b0_0, 0;
    %load/vec4 v00000299746d89b0_0;
    %pad/u 32;
    %cmpi/e 15, 0, 32;
    %jmp/0xz  T_9.9, 4;
    %pushi/vec4 0, 0, 4;
    %assign/vec4 v00000299746d89b0_0, 0;
T_9.9 ;
    %jmp T_9.8;
T_9.7 ;
    %load/vec4 v00000299746d89b0_0;
    %assign/vec4 v00000299746d89b0_0, 0;
T_9.8 ;
    %jmp T_9.6;
T_9.4 ;
    %load/vec4 v00000299746d8230_0;
    %flag_set/vec4 8;
    %jmp/0xz  T_9.11, 8;
    %load/vec4 v00000299746d89b0_0;
    %addi 1, 0, 4;
    %assign/vec4 v00000299746d89b0_0, 0;
    %load/vec4 v00000299746d89b0_0;
    %pad/u 32;
    %cmpi/e 8, 0, 32;
    %jmp/0xz  T_9.13, 4;
    %load/vec4 v00000299746d9450_0;
    %addi 1, 0, 4;
    %assign/vec4 v00000299746d9450_0, 0;
    %load/vec4 v00000299746d9f90_0;
    %ix/load 5, 0, 0;
    %ix/getv 4, v00000299746d9450_0;
    %assign/vec4/off/d v00000299746d91d0_0, 4, 5;
    %load/vec4 v00000299746d9270_0;
    %load/vec4 v00000299746d9f90_0;
    %xor;
    %assign/vec4 v00000299746d9270_0, 0;
    %jmp T_9.14;
T_9.13 ;
    %load/vec4 v00000299746d89b0_0;
    %pad/u 32;
    %cmpi/e 15, 0, 32;
    %jmp/0xz  T_9.15, 4;
    %pushi/vec4 0, 0, 4;
    %assign/vec4 v00000299746d89b0_0, 0;
T_9.15 ;
T_9.14 ;
    %jmp T_9.12;
T_9.11 ;
    %load/vec4 v00000299746d89b0_0;
    %assign/vec4 v00000299746d89b0_0, 0;
T_9.12 ;
    %jmp T_9.6;
T_9.5 ;
    %load/vec4 v00000299746d8230_0;
    %flag_set/vec4 8;
    %jmp/0xz  T_9.17, 8;
    %load/vec4 v00000299746d89b0_0;
    %addi 1, 0, 4;
    %assign/vec4 v00000299746d89b0_0, 0;
    %load/vec4 v00000299746d89b0_0;
    %pad/u 32;
    %cmpi/e 8, 0, 32;
    %jmp/0xz  T_9.19, 4;
    %load/vec4 v00000299746d8eb0_0;
    %addi 1, 0, 2;
    %assign/vec4 v00000299746d8eb0_0, 0;
    %jmp T_9.20;
T_9.19 ;
    %load/vec4 v00000299746d89b0_0;
    %pad/u 32;
    %cmpi/e 15, 0, 32;
    %jmp/0xz  T_9.21, 4;
    %pushi/vec4 0, 0, 4;
    %assign/vec4 v00000299746d89b0_0, 0;
T_9.21 ;
T_9.20 ;
    %jmp T_9.18;
T_9.17 ;
    %load/vec4 v00000299746d89b0_0;
    %assign/vec4 v00000299746d89b0_0, 0;
T_9.18 ;
    %jmp T_9.6;
T_9.6 ;
    %pop/vec4 1;
T_9.1 ;
    %jmp T_9;
    .thread T_9;
    .scope S_00000299745b2f80;
T_10 ;
    %wait E_000002997466a9b0;
    %load/vec4 v00000299746d8910_0;
    %dup/vec4;
    %pushi/vec4 3, 0, 2;
    %cmp/u;
    %jmp/1 T_10.0, 6;
    %dup/vec4;
    %pushi/vec4 0, 0, 2;
    %cmp/u;
    %jmp/1 T_10.1, 6;
    %dup/vec4;
    %pushi/vec4 1, 0, 2;
    %cmp/u;
    %jmp/1 T_10.2, 6;
    %dup/vec4;
    %pushi/vec4 2, 0, 2;
    %cmp/u;
    %jmp/1 T_10.3, 6;
    %pushi/vec4 0, 0, 1;
    %store/vec4 v00000299746d8f50_0, 0, 1;
    %jmp T_10.5;
T_10.0 ;
    %pushi/vec4 1, 0, 1;
    %store/vec4 v00000299746d8f50_0, 0, 1;
    %jmp T_10.5;
T_10.1 ;
    %pushi/vec4 1, 0, 1;
    %store/vec4 v00000299746d8f50_0, 0, 1;
    %jmp T_10.5;
T_10.2 ;
    %pushi/vec4 0, 0, 1;
    %store/vec4 v00000299746d8f50_0, 0, 1;
    %jmp T_10.5;
T_10.3 ;
    %load/vec4 v00000299746d89b0_0;
    %pad/u 32;
    %cmpi/e 15, 0, 32;
    %flag_get/vec4 4;
    %jmp/0 T_10.6, 4;
    %load/vec4 v00000299746d8eb0_0;
    %load/vec4 v00000299746d9d10_0;
    %cmp/e;
    %flag_get/vec4 4;
    %and;
T_10.6;
    %store/vec4 v00000299746d8f50_0, 0, 1;
    %load/vec4 v00000299746d8eb0_0;
    %pad/u 32;
    %cmpi/e 0, 0, 32;
    %flag_get/vec4 4;
    %jmp/0 T_10.9, 4;
    %load/vec4 v00000299746d8550_0;
    %and;
T_10.9;
    %flag_set/vec4 8;
    %jmp/0xz  T_10.7, 8;
    %load/vec4 v00000299746d9f90_0;
    %store/vec4 v00000299746d8b90_0, 0, 1;
T_10.7 ;
    %load/vec4 v00000299746d8550_0;
    %flag_set/vec4 8;
    %jmp/0 T_10.10, 8;
    %load/vec4 v00000299746d93b0_0;
    %flag_set/vec4 9;
    %jmp/0 T_10.12, 9;
    %load/vec4 v00000299746d9270_0;
    %load/vec4 v00000299746d8b90_0;
    %cmp/ne;
    %flag_get/vec4 4;
    %jmp/1 T_10.13, 9;
T_10.12 ; End of true expr.
    %load/vec4 v00000299746d9270_0;
    %inv;
    %load/vec4 v00000299746d8b90_0;
    %cmp/ne;
    %flag_get/vec4 4;
    %jmp/0 T_10.13, 9;
 ; End of false expr.
    %blend;
T_10.13;
    %jmp/1 T_10.11, 8;
T_10.10 ; End of true expr.
    %pushi/vec4 0, 0, 1;
    %jmp/0 T_10.11, 8;
 ; End of false expr.
    %blend;
T_10.11;
    %store/vec4 v00000299746d8370_0, 0, 1;
    %jmp T_10.5;
T_10.5 ;
    %pop/vec4 1;
    %jmp T_10;
    .thread T_10, $push;
    .scope S_00000299745b2f80;
T_11 ;
    %wait E_000002997466a2b0;
    %load/vec4 v000002997469ab90_0;
    %nor/r;
    %flag_set/vec4 8;
    %jmp/0xz  T_11.0, 8;
    %pushi/vec4 0, 0, 1;
    %store/vec4 v000002997465fc40_0, 0, 1;
    %jmp T_11.1;
T_11.0 ;
    %pushi/vec4 1, 0, 1;
    %store/vec4 v000002997465fc40_0, 0, 1;
T_11.1 ;
    %jmp T_11;
    .thread T_11, $push;
    .scope S_00000299745b2f80;
T_12 ;
    %wait E_000002997466a170;
    %load/vec4 v000002997469a2d0_0;
    %nor/r;
    %flag_set/vec4 8;
    %jmp/0xz  T_12.0, 8;
    %pushi/vec4 0, 0, 1;
    %store/vec4 v000002997465ef20_0, 0, 1;
    %jmp T_12.1;
T_12.0 ;
    %pushi/vec4 1, 0, 1;
    %store/vec4 v000002997465ef20_0, 0, 1;
T_12.1 ;
    %jmp T_12;
    .thread T_12, $push;
    .scope S_00000299745b2f80;
T_13 ;
    %wait E_000002997466aab0;
    %fork t_1, S_000002997467f0e0;
    %jmp t_0;
    .scope S_000002997467f0e0;
t_1 ;
    %load/vec4 v00000299746d80f0_0;
    %inv;
    %flag_set/vec4 8;
    %jmp/0xz  T_13.0, 8;
    %pushi/vec4 0, 0, 8;
    %assign/vec4 v000002997469a690_0, 0;
    %jmp T_13.1;
T_13.0 ;
    %load/vec4 v000002997469b090_0;
    %flag_set/vec4 8;
    %jmp/0xz  T_13.2, 8;
    %load/vec4 v00000299746d9810_0;
    %parti/s 1, 0, 2;
    %flag_set/vec4 8;
    %jmp/0xz  T_13.4, 8;
    %load/vec4 v00000299746d9db0_0;
    %parti/s 8, 0, 2;
    %assign/vec4 v000002997469a690_0, 0;
T_13.4 ;
T_13.2 ;
T_13.1 ;
    %end;
    .scope S_00000299745b2f80;
t_0 %join;
    %jmp T_13;
    .thread T_13;
    .scope S_00000299745b2f80;
T_14 ;
    %wait E_000002997466aab0;
    %fork t_3, S_000002997467e2d0;
    %jmp t_2;
    .scope S_000002997467e2d0;
t_3 ;
    %load/vec4 v00000299746d80f0_0;
    %inv;
    %flag_set/vec4 8;
    %jmp/0xz  T_14.0, 8;
    %pushi/vec4 0, 0, 2;
    %assign/vec4 v000002997469aaf0_0, 0;
    %jmp T_14.1;
T_14.0 ;
    %load/vec4 v000002997465f9c0_0;
    %flag_set/vec4 8;
    %jmp/0xz  T_14.2, 8;
    %load/vec4 v00000299746d9810_0;
    %parti/s 1, 0, 2;
    %flag_set/vec4 8;
    %jmp/0xz  T_14.4, 8;
    %load/vec4 v00000299746d9db0_0;
    %parti/s 2, 0, 2;
    %assign/vec4 v000002997469aaf0_0, 0;
T_14.4 ;
T_14.2 ;
T_14.1 ;
    %end;
    .scope S_00000299745b2f80;
t_2 %join;
    %jmp T_14;
    .thread T_14;
    .scope S_00000299745b2f80;
T_15 ;
    %wait E_000002997466aab0;
    %fork t_5, S_000002997467edc0;
    %jmp t_4;
    .scope S_000002997467edc0;
t_5 ;
    %load/vec4 v00000299746d80f0_0;
    %inv;
    %flag_set/vec4 8;
    %jmp/0xz  T_15.0, 8;
    %pushi/vec4 0, 0, 1;
    %assign/vec4 v000002997469b8b0_0, 0;
    %jmp T_15.1;
T_15.0 ;
    %load/vec4 v000002997465f9c0_0;
    %flag_set/vec4 8;
    %jmp/0xz  T_15.2, 8;
    %load/vec4 v00000299746d9810_0;
    %parti/s 1, 0, 2;
    %flag_set/vec4 8;
    %jmp/0xz  T_15.4, 8;
    %load/vec4 v00000299746d9db0_0;
    %parti/s 1, 2, 3;
    %assign/vec4 v000002997469b8b0_0, 0;
T_15.4 ;
T_15.2 ;
T_15.1 ;
    %end;
    .scope S_00000299745b2f80;
t_4 %join;
    %jmp T_15;
    .thread T_15;
    .scope S_00000299745b2f80;
T_16 ;
    %wait E_000002997466aab0;
    %fork t_7, S_000002997467e460;
    %jmp t_6;
    .scope S_000002997467e460;
t_7 ;
    %load/vec4 v00000299746d80f0_0;
    %inv;
    %flag_set/vec4 8;
    %jmp/0xz  T_16.0, 8;
    %pushi/vec4 0, 0, 1;
    %assign/vec4 v000002997469a4b0_0, 0;
    %jmp T_16.1;
T_16.0 ;
    %load/vec4 v000002997465f9c0_0;
    %flag_set/vec4 8;
    %jmp/0xz  T_16.2, 8;
    %load/vec4 v00000299746d9810_0;
    %parti/s 1, 0, 2;
    %flag_set/vec4 8;
    %jmp/0xz  T_16.4, 8;
    %load/vec4 v00000299746d9db0_0;
    %parti/s 1, 3, 3;
    %assign/vec4 v000002997469a4b0_0, 0;
T_16.4 ;
T_16.2 ;
T_16.1 ;
    %end;
    .scope S_00000299745b2f80;
t_6 %join;
    %jmp T_16;
    .thread T_16;
    .scope S_00000299745b2f80;
T_17 ;
    %wait E_000002997466aab0;
    %fork t_9, S_000002997467e780;
    %jmp t_8;
    .scope S_000002997467e780;
t_9 ;
    %load/vec4 v00000299746d80f0_0;
    %inv;
    %flag_set/vec4 8;
    %jmp/0xz  T_17.0, 8;
    %pushi/vec4 0, 0, 1;
    %assign/vec4 v000002997469b6d0_0, 0;
    %jmp T_17.1;
T_17.0 ;
    %load/vec4 v000002997465f9c0_0;
    %flag_set/vec4 8;
    %jmp/0xz  T_17.2, 8;
    %load/vec4 v00000299746d9810_0;
    %parti/s 1, 0, 2;
    %flag_set/vec4 8;
    %jmp/0xz  T_17.4, 8;
    %load/vec4 v00000299746d9db0_0;
    %parti/s 1, 4, 4;
    %assign/vec4 v000002997469b6d0_0, 0;
T_17.4 ;
T_17.2 ;
T_17.1 ;
    %end;
    .scope S_00000299745b2f80;
t_8 %join;
    %jmp T_17;
    .thread T_17;
    .scope S_00000299745b2f80;
T_18 ;
    %wait E_000002997466aab0;
    %fork t_11, S_000002997467ec30;
    %jmp t_10;
    .scope S_000002997467ec30;
t_11 ;
    %load/vec4 v00000299746d80f0_0;
    %inv;
    %flag_set/vec4 8;
    %jmp/0xz  T_18.0, 8;
    %pushi/vec4 0, 0, 1;
    %assign/vec4 v000002997469a410_0, 0;
    %jmp T_18.1;
T_18.0 ;
    %load/vec4 v000002997465e840_0;
    %flag_set/vec4 8;
    %jmp/0xz  T_18.2, 8;
    %load/vec4 v00000299746d9810_0;
    %parti/s 1, 0, 2;
    %flag_set/vec4 8;
    %jmp/0xz  T_18.4, 8;
    %load/vec4 v00000299746d9db0_0;
    %parti/s 1, 0, 2;
    %assign/vec4 v000002997469a410_0, 0;
T_18.4 ;
T_18.2 ;
T_18.1 ;
    %end;
    .scope S_00000299745b2f80;
t_10 %join;
    %jmp T_18;
    .thread T_18;
    .scope S_00000299745b2f80;
T_19 ;
    %wait E_000002997466aab0;
    %fork t_13, S_000002997467e910;
    %jmp t_12;
    .scope S_000002997467e910;
t_13 ;
    %load/vec4 v00000299746d80f0_0;
    %inv;
    %flag_set/vec4 8;
    %jmp/0xz  T_19.0, 8;
    %pushi/vec4 0, 0, 8;
    %assign/vec4 v000002997465ede0_0, 0;
    %jmp T_19.1;
T_19.0 ;
    %load/vec4 v000002997469b630_0;
    %assign/vec4 v000002997465ede0_0, 0;
T_19.1 ;
    %end;
    .scope S_00000299745b2f80;
t_12 %join;
    %jmp T_19;
    .thread T_19;
    .scope S_00000299745b2f80;
T_20 ;
    %wait E_000002997466aab0;
    %fork t_15, S_000002997467ef50;
    %jmp t_14;
    .scope S_000002997467ef50;
t_15 ;
    %load/vec4 v00000299746d80f0_0;
    %inv;
    %flag_set/vec4 8;
    %jmp/0xz  T_20.0, 8;
    %pushi/vec4 1, 0, 1;
    %assign/vec4 v000002997465e0c0_0, 0;
    %jmp T_20.1;
T_20.0 ;
    %load/vec4 v000002997469b450_0;
    %assign/vec4 v000002997465e0c0_0, 0;
T_20.1 ;
    %end;
    .scope S_00000299745b2f80;
t_14 %join;
    %jmp T_20;
    .thread T_20;
    .scope S_00000299745b2f80;
T_21 ;
    %wait E_000002997466aab0;
    %fork t_17, S_000002997467eaa0;
    %jmp t_16;
    .scope S_000002997467eaa0;
t_17 ;
    %load/vec4 v00000299746d80f0_0;
    %inv;
    %flag_set/vec4 8;
    %jmp/0xz  T_21.0, 8;
    %pushi/vec4 0, 0, 1;
    %assign/vec4 v000002997465fa60_0, 0;
    %jmp T_21.1;
T_21.0 ;
    %load/vec4 v000002997469ba90_0;
    %assign/vec4 v000002997465fa60_0, 0;
T_21.1 ;
    %end;
    .scope S_00000299745b2f80;
t_16 %join;
    %jmp T_21;
    .thread T_21;
    .scope S_00000299745b2f80;
T_22 ;
    %wait E_000002997466aab0;
    %fork t_19, S_000002997467e5f0;
    %jmp t_18;
    .scope S_000002997467e5f0;
t_19 ;
    %load/vec4 v00000299746d80f0_0;
    %inv;
    %flag_set/vec4 8;
    %jmp/0xz  T_22.0, 8;
    %pushi/vec4 0, 0, 1;
    %assign/vec4 v000002997465de40_0, 0;
    %jmp T_22.1;
T_22.0 ;
    %load/vec4 v000002997469a230_0;
    %assign/vec4 v000002997465de40_0, 0;
T_22.1 ;
    %end;
    .scope S_00000299745b2f80;
t_18 %join;
    %jmp T_22;
    .thread T_22;
    .scope S_00000299745b2f80;
T_23 ;
    %wait E_000002997466aaf0;
    %pushi/vec4 0, 0, 32;
    %store/vec4 v00000299746d9e50_0, 0, 32;
    %pushi/vec4 1, 0, 32;
    %dup/vec4;
    %load/vec4 v000002997469b770_0;
    %pad/u 32;
    %cmp/u;
    %jmp/1 T_23.0, 6;
    %dup/vec4;
    %load/vec4 v000002997469bc70_0;
    %pad/u 32;
    %cmp/u;
    %jmp/1 T_23.1, 6;
    %dup/vec4;
    %load/vec4 v000002997469b810_0;
    %pad/u 32;
    %cmp/u;
    %jmp/1 T_23.2, 6;
    %dup/vec4;
    %load/vec4 v000002997465e160_0;
    %pad/u 32;
    %cmp/u;
    %jmp/1 T_23.3, 6;
    %dup/vec4;
    %load/vec4 v000002997465f740_0;
    %pad/u 32;
    %cmp/u;
    %jmp/1 T_23.4, 6;
    %pushi/vec4 0, 0, 32;
    %store/vec4 v00000299746d9e50_0, 0, 32;
    %jmp T_23.6;
T_23.0 ;
    %load/vec4 v000002997465fb00_0;
    %store/vec4 v00000299746d9e50_0, 0, 32;
    %jmp T_23.6;
T_23.1 ;
    %load/vec4 v000002997465e200_0;
    %store/vec4 v00000299746d9e50_0, 0, 32;
    %jmp T_23.6;
T_23.2 ;
    %load/vec4 v000002997465e480_0;
    %store/vec4 v00000299746d9e50_0, 0, 32;
    %jmp T_23.6;
T_23.3 ;
    %load/vec4 v000002997465fba0_0;
    %store/vec4 v00000299746d9e50_0, 0, 32;
    %jmp T_23.6;
T_23.4 ;
    %load/vec4 v000002997465f560_0;
    %store/vec4 v00000299746d9e50_0, 0, 32;
    %jmp T_23.6;
T_23.6 ;
    %pop/vec4 1;
    %jmp T_23;
    .thread T_23, $push;
    .scope S_00000299745b2f80;
T_24 ;
    %wait E_000002997466a070;
    %load/vec4 v00000299746d99f0_0;
    %flag_set/vec4 9;
    %flag_get/vec4 9;
    %jmp/0 T_24.2, 9;
    %load/vec4 v00000299746d9770_0;
    %and;
T_24.2;
    %flag_set/vec4 8;
    %jmp/0xz  T_24.0, 8;
    %load/vec4 v00000299746d9950_0;
    %pad/u 32;
    %cmpi/e 0, 0, 32;
    %jmp/0xz  T_24.3, 4;
    %pushi/vec4 0, 0, 1;
    %store/vec4 v00000299746d9a90_0, 0, 1;
    %jmp T_24.4;
T_24.3 ;
    %load/vec4 v00000299746d9950_0;
    %pad/u 32;
    %cmpi/e 4, 0, 32;
    %jmp/0xz  T_24.5, 4;
    %pushi/vec4 1, 0, 1;
    %store/vec4 v00000299746d9a90_0, 0, 1;
    %jmp T_24.6;
T_24.5 ;
    %load/vec4 v00000299746d9950_0;
    %pad/u 32;
    %cmpi/e 8, 0, 32;
    %jmp/0xz  T_24.7, 4;
    %pushi/vec4 0, 0, 1;
    %store/vec4 v00000299746d9a90_0, 0, 1;
    %jmp T_24.8;
T_24.7 ;
    %load/vec4 v00000299746d9950_0;
    %pad/u 32;
    %cmpi/e 12, 0, 32;
    %jmp/0xz  T_24.9, 4;
    %pushi/vec4 0, 0, 1;
    %store/vec4 v00000299746d9a90_0, 0, 1;
    %jmp T_24.10;
T_24.9 ;
    %load/vec4 v00000299746d9950_0;
    %pad/u 32;
    %cmpi/e 16, 0, 32;
    %jmp/0xz  T_24.11, 4;
    %pushi/vec4 1, 0, 1;
    %store/vec4 v00000299746d9a90_0, 0, 1;
    %jmp T_24.12;
T_24.11 ;
    %pushi/vec4 1, 0, 1;
    %store/vec4 v00000299746d9a90_0, 0, 1;
T_24.12 ;
T_24.10 ;
T_24.8 ;
T_24.6 ;
T_24.4 ;
    %jmp T_24.1;
T_24.0 ;
    %pushi/vec4 0, 0, 1;
    %store/vec4 v00000299746d9a90_0, 0, 1;
T_24.1 ;
    %jmp T_24;
    .thread T_24, $push;
    .scope S_00000299745b2f80;
T_25 ;
    %wait E_000002997466a5f0;
    %load/vec4 v000002997465eac0_0;
    %inv;
    %flag_set/vec4 8;
    %jmp/0xz  T_25.0, 8;
    %pushi/vec4 0, 0, 5;
    %assign/vec4 v000002997465eca0_0, 0;
    %jmp T_25.1;
T_25.0 ;
    %load/vec4 v000002997465eca0_0;
    %pad/u 32;
    %cmpi/e 27, 0, 32;
    %jmp/0xz  T_25.2, 4;
    %pushi/vec4 0, 0, 5;
    %assign/vec4 v000002997465eca0_0, 0;
    %jmp T_25.3;
T_25.2 ;
    %load/vec4 v000002997465eca0_0;
    %addi 1, 0, 5;
    %assign/vec4 v000002997465eca0_0, 0;
T_25.3 ;
T_25.1 ;
    %jmp T_25;
    .thread T_25;
    .scope S_00000299745b2f80;
T_26 ;
    %wait E_000002997466a5f0;
    %load/vec4 v000002997465eac0_0;
    %inv;
    %flag_set/vec4 8;
    %jmp/0xz  T_26.0, 8;
    %pushi/vec4 0, 0, 9;
    %assign/vec4 v000002997465efc0_0, 0;
    %jmp T_26.1;
T_26.0 ;
    %load/vec4 v000002997465efc0_0;
    %pad/u 32;
    %cmpi/e 434, 0, 32;
    %jmp/0xz  T_26.2, 4;
    %pushi/vec4 0, 0, 9;
    %assign/vec4 v000002997465efc0_0, 0;
    %jmp T_26.3;
T_26.2 ;
    %load/vec4 v000002997465efc0_0;
    %addi 1, 0, 9;
    %assign/vec4 v000002997465efc0_0, 0;
T_26.3 ;
T_26.1 ;
    %jmp T_26;
    .thread T_26;
# The file index is used to find the file name in the following table.
:file_names 4;
    "N/A";
    "<interactive>";
    "-";
    "uart.sv";
