#! /c/Source/iverilog-install/bin/vvp
:ivl_version "12.0 (devel)" "(s20150603-1539-g2693dd32b)";
:ivl_delay_selection "TYPICAL";
:vpi_time_precision + 0;
:vpi_module "D:\Apps\iverilog\lib\ivl\system.vpi";
:vpi_module "D:\Apps\iverilog\lib\ivl\vhdl_sys.vpi";
:vpi_module "D:\Apps\iverilog\lib\ivl\vhdl_textio.vpi";
:vpi_module "D:\Apps\iverilog\lib\ivl\v2005_math.vpi";
:vpi_module "D:\Apps\iverilog\lib\ivl\va_math.vpi";
:vpi_module "D:\Apps\iverilog\lib\ivl\v2009.vpi";
S_0000018dc10d2df0 .scope package, "$unit" "$unit" 2 1;
 .timescale 0 0;
S_0000018dc10d2f80 .scope module, "uart" "uart" 3 1;
 .timescale 0 0;
    .port_info 0 /INPUT 1 "clk";
    .port_info 1 /INPUT 1 "reset_n";
    .port_info 2 /INPUT 1 "pclk";
    .port_info 3 /INPUT 1 "preset_n";
    .port_info 4 /INPUT 1 "psel";
    .port_info 5 /INPUT 1 "penable";
    .port_info 6 /INPUT 1 "pwrite";
    .port_info 7 /INPUT 4 "pstrb";
    .port_info 8 /INPUT 12 "paddr";
    .port_info 9 /INPUT 32 "pwdata";
    .port_info 10 /INPUT 1 "rx";
    .port_info 11 /INPUT 1 "cts_n";
    .port_info 12 /OUTPUT 1 "pready";
    .port_info 13 /OUTPUT 1 "pslverr";
    .port_info 14 /OUTPUT 32 "prdata";
    .port_info 15 /OUTPUT 1 "tx";
    .port_info 16 /OUTPUT 1 "rts_n";
o0000018dc11c1d68 .functor BUFZ 1, C4<z>; HiZ drive
L_0000018dc1181b30 .functor BUFZ 1, o0000018dc11c1d68, C4<0>, C4<0>, C4<0>;
o0000018dc11c20f8 .functor BUFZ 1, C4<z>; HiZ drive
L_0000018dc1181890 .functor BUFZ 1, o0000018dc11c20f8, C4<0>, C4<0>, C4<0>;
L_0000018dc1181ba0 .functor BUFZ 1, L_0000018dc11bed70, C4<0>, C4<0>, C4<0>;
o0000018dc11c1df8 .functor BUFZ 1, C4<z>; HiZ drive
L_0000018dc1181cf0 .functor BUFZ 1, o0000018dc11c1df8, C4<0>, C4<0>, C4<0>;
L_0000018dc1181970 .functor BUFZ 8, L_0000018dc11be4b0, C4<00000000>, C4<00000000>, C4<00000000>;
L_0000018dc1181eb0 .functor BUFZ 2, L_0000018dc11be910, C4<00>, C4<00>, C4<00>;
L_0000018dc1181f20 .functor BUFZ 1, L_0000018dc11bdf00, C4<0>, C4<0>, C4<0>;
L_0000018dc11820e0 .functor BUFZ 1, L_0000018dc11bdf70, C4<0>, C4<0>, C4<0>;
L_0000018dc1181d60 .functor BUFZ 1, L_0000018dc11bead0, C4<0>, C4<0>, C4<0>;
L_0000018dc1182540 .functor BUFZ 1, L_0000018dc11be750, C4<0>, C4<0>, C4<0>;
L_0000018dc11823f0 .functor BUFZ 1, v0000018dc11f9310_0, C4<0>, C4<0>, C4<0>;
L_0000018dc1181c10 .functor BUFZ 1, o0000018dc11c1d68, C4<0>, C4<0>, C4<0>;
L_0000018dc1181820 .functor BUFZ 1, o0000018dc11c20f8, C4<0>, C4<0>, C4<0>;
L_0000018dc1181ac0 .functor BUFZ 1, L_0000018dc11bdfe0, C4<0>, C4<0>, C4<0>;
o0000018dc11c2158 .functor BUFZ 1, C4<z>; HiZ drive
L_0000018dc11825b0 .functor BUFZ 1, o0000018dc11c2158, C4<0>, C4<0>, C4<0>;
L_0000018dc11be9f0 .functor BUFZ 2, L_0000018dc11be910, C4<00>, C4<00>, C4<00>;
L_0000018dc11be0c0 .functor BUFZ 1, L_0000018dc11bdf00, C4<0>, C4<0>, C4<0>;
L_0000018dc11be670 .functor BUFZ 1, L_0000018dc11bdf70, C4<0>, C4<0>, C4<0>;
L_0000018dc11bea60 .functor BUFZ 1, L_0000018dc11bead0, C4<0>, C4<0>, C4<0>;
L_0000018dc11be130 .functor BUFZ 8, v0000018dc11f82d0_0, C4<00000000>, C4<00000000>, C4<00000000>;
L_0000018dc11be3d0 .functor BUFZ 1, L_0000018dc11fce60, C4<0>, C4<0>, C4<0>;
L_0000018dc11be1a0 .functor BUFZ 1, v0000018dc11f8230_0, C4<0>, C4<0>, C4<0>;
o0000018dc11c1f18 .functor BUFZ 1, C4<z>; HiZ drive
L_0000018dc11beb40 .functor BUFZ 1, o0000018dc11c1f18, C4<0>, C4<0>, C4<0>;
o0000018dc11c1fd8 .functor BUFZ 1, C4<z>; HiZ drive
L_0000018dc11be050 .functor BUFZ 1, o0000018dc11c1fd8, C4<0>, C4<0>, C4<0>;
o0000018dc11c2008 .functor BUFZ 1, C4<z>; HiZ drive
L_0000018dc11be360 .functor BUFZ 1, o0000018dc11c2008, C4<0>, C4<0>, C4<0>;
o0000018dc11c1f48 .functor BUFZ 1, C4<z>; HiZ drive
L_0000018dc11bebb0 .functor BUFZ 1, o0000018dc11c1f48, C4<0>, C4<0>, C4<0>;
o0000018dc11c20c8 .functor BUFZ 1, C4<z>; HiZ drive
L_0000018dc11be600 .functor BUFZ 1, o0000018dc11c20c8, C4<0>, C4<0>, C4<0>;
o0000018dc11c2068 .functor BUFZ 4, C4<zzzz>; HiZ drive
L_0000018dc11bed00 .functor BUFZ 4, o0000018dc11c2068, C4<0000>, C4<0000>, C4<0000>;
o0000018dc11c1e58 .functor BUFZ 12, C4<zzzzzzzzzzzz>; HiZ drive
L_0000018dc11be210 .functor BUFZ 12, o0000018dc11c1e58, C4<000000000000>, C4<000000000000>, C4<000000000000>;
o0000018dc11c2098 .functor BUFZ 32, C4<zzzzzzzzzzzzzzzzzzzzzzzzzzzzzzzz>; HiZ drive
L_0000018dc11bde90 .functor BUFZ 32, o0000018dc11c2098, C4<00000000000000000000000000000000>, C4<00000000000000000000000000000000>, C4<00000000000000000000000000000000>;
L_0000018dc11be520 .functor BUFZ 1, L_0000018dc11faff0, C4<0>, C4<0>, C4<0>;
L_0000018dc11be280 .functor BUFZ 1, v0000018dc11f9090_0, C4<0>, C4<0>, C4<0>;
L_0000018dc11be2f0 .functor BUFZ 32, v0000018dc11f91d0_0, C4<00000000000000000000000000000000>, C4<00000000000000000000000000000000>, C4<00000000000000000000000000000000>;
L_0000018dc11be6e0 .functor BUFZ 1, o0000018dc11c1d68, C4<0>, C4<0>, C4<0>;
L_0000018dc11be590 .functor BUFZ 1, o0000018dc11c20f8, C4<0>, C4<0>, C4<0>;
L_0000018dc11be4b0 .functor BUFZ 8, v0000018dc11baff0_0, C4<00000000>, C4<00000000>, C4<00000000>;
L_0000018dc11be440 .functor BUFZ 8, L_0000018dc11be130, C4<00000000>, C4<00000000>, C4<00000000>;
L_0000018dc11be910 .functor BUFZ 2, v0000018dc11ba2d0_0, C4<00>, C4<00>, C4<00>;
L_0000018dc11bdf00 .functor BUFZ 1, v0000018dc11ba370_0, C4<0>, C4<0>, C4<0>;
L_0000018dc11bdf70 .functor BUFZ 1, v0000018dc11ba4b0_0, C4<0>, C4<0>, C4<0>;
L_0000018dc11bead0 .functor BUFZ 1, v0000018dc11b9e70_0, C4<0>, C4<0>, C4<0>;
L_0000018dc11be750 .functor BUFZ 1, v0000018dc11bbb30_0, C4<0>, C4<0>, C4<0>;
L_0000018dc11bec20 .functor BUFZ 1, v0000018dc11f9450_0, C4<0>, C4<0>, C4<0>;
L_0000018dc11be7c0 .functor BUFZ 1, L_0000018dc11be1a0, C4<0>, C4<0>, C4<0>;
L_0000018dc11be830 .functor BUFZ 1, v0000018dc11f8d70_0, C4<0>, C4<0>, C4<0>;
L_0000018dc11be980 .functor BUFZ 1, o0000018dc11c1d68, C4<0>, C4<0>, C4<0>;
L_0000018dc11bec90 .functor BUFZ 1, o0000018dc11c20f8, C4<0>, C4<0>, C4<0>;
L_0000018dc11bed70 .functor BUFZ 1, L_0000018dc11fbef0, C4<0>, C4<0>, C4<0>;
L_0000018dc11bdfe0 .functor BUFZ 1, L_0000018dc11fbd10, C4<0>, C4<0>, C4<0>;
L_0000018dc11fce60 .functor NOT 1, v0000018dc11f8230_0, C4<0>, C4<0>, C4<0>;
L_0000018dc11fcf40 .functor NOT 1, L_0000018dc11be600, C4<0>, C4<0>, C4<0>;
L_0000018dc11fd020 .functor AND 1, L_0000018dc11be360, L_0000018dc11fcf40, C4<1>, C4<1>;
L_0000018dc11fd2c0 .functor AND 1, L_0000018dc11fd020, L_0000018dc11bebb0, C4<1>, C4<1>;
L_0000018dc11fd3a0 .functor AND 1, L_0000018dc11be360, L_0000018dc11be600, C4<1>, C4<1>;
L_0000018dc11fd1e0 .functor AND 1, L_0000018dc11fd3a0, L_0000018dc11bebb0, C4<1>, C4<1>;
L_0000018dc11fd8e8 .functor BUFT 1, C4<1>, C4<0>, C4<0>, C4<0>;
L_0000018dc11fd790 .functor XNOR 1, L_0000018dc11be360, L_0000018dc11fd8e8, C4<0>, C4<0>;
L_0000018dc11fd410 .functor AND 1, L_0000018dc11be600, v0000018dc117efc0_0, C4<1>, C4<1>;
L_0000018dc11fd250 .functor NOT 1, L_0000018dc11be600, C4<0>, C4<0>, C4<0>;
L_0000018dc11fcfb0 .functor AND 1, L_0000018dc11fd250, v0000018dc117fb00_0, C4<1>, C4<1>;
L_0000018dc11fcb50 .functor OR 1, L_0000018dc11fd410, L_0000018dc11fcfb0, C4<0>, C4<0>;
L_0000018dc11fd330 .functor AND 1, L_0000018dc11fd2c0, L_0000018dc11fc5d0, C4<1>, C4<1>;
L_0000018dc11fd720 .functor AND 1, L_0000018dc11fd1e0, L_0000018dc11fae10, C4<1>, C4<1>;
L_0000018dc11fced0 .functor AND 1, L_0000018dc11fd2c0, L_0000018dc11faa50, C4<1>, C4<1>;
L_0000018dc11fd480 .functor AND 1, L_0000018dc11fd2c0, L_0000018dc11fb4f0, C4<1>, C4<1>;
L_0000018dc11fcc30 .functor AND 1, L_0000018dc11fd1e0, L_0000018dc11fc710, C4<1>, C4<1>;
L_0000018dc11fd560 .functor AND 1, L_0000018dc11fd2c0, L_0000018dc11fc530, C4<1>, C4<1>;
L_0000018dc11fcbc0 .functor AND 1, L_0000018dc11fd1e0, L_0000018dc11fbbd0, C4<1>, C4<1>;
L_0000018dc11fc990 .functor AND 1, L_0000018dc11fd2c0, L_0000018dc11fbdb0, C4<1>, C4<1>;
L_0000018dc11fcca0 .functor BUFZ 8, v0000018dc11baff0_0, C4<00000000>, C4<00000000>, C4<00000000>;
L_0000018dc11fd100 .functor BUFZ 2, v0000018dc11ba2d0_0, C4<00>, C4<00>, C4<00>;
L_0000018dc11fca70 .functor BUFZ 1, v0000018dc11ba370_0, C4<0>, C4<0>, C4<0>;
L_0000018dc11fcd10 .functor BUFZ 1, v0000018dc11ba4b0_0, C4<0>, C4<0>, C4<0>;
L_0000018dc11fd4f0 .functor BUFZ 1, v0000018dc11b9e70_0, C4<0>, C4<0>, C4<0>;
L_0000018dc11fcae0 .functor BUFZ 1, v0000018dc11bbb30_0, C4<0>, C4<0>, C4<0>;
v0000018dc117f1a0_0 .net "Tpl_100", 0 0, L_0000018dc11fcc30;  1 drivers
v0000018dc117ef20_0 .net "Tpl_101", 0 0, L_0000018dc11fd560;  1 drivers
v0000018dc117e200_0 .net "Tpl_102", 0 0, L_0000018dc11fcbc0;  1 drivers
v0000018dc117e840_0 .net "Tpl_103", 0 0, L_0000018dc11fc990;  1 drivers
v0000018dc117e3e0_0 .var "Tpl_104", 0 0;
v0000018dc117e160_0 .var "Tpl_105", 0 0;
v0000018dc117de40_0 .var "Tpl_106", 0 0;
v0000018dc117fc40_0 .var "Tpl_107", 7 0;
v0000018dc117e2a0_0 .net "Tpl_108", 31 0, L_0000018dc11faf50;  1 drivers
v0000018dc117ec00_0 .net "Tpl_109", 31 0, L_0000018dc11fc7b0;  1 drivers
v0000018dc117fa60_0 .net "Tpl_110", 31 0, L_0000018dc11fab90;  1 drivers
v0000018dc117dee0_0 .net "Tpl_111", 31 0, L_0000018dc11fbc70;  1 drivers
v0000018dc117e980_0 .net "Tpl_112", 31 0, L_0000018dc11fb6d0;  1 drivers
v0000018dc117efc0_0 .var "Tpl_113", 0 0;
v0000018dc117fb00_0 .var "Tpl_114", 0 0;
v0000018dc117df80_0 .net "Tpl_115", 0 0, L_0000018dc11be980;  1 drivers
v0000018dc117e020_0 .net "Tpl_116", 0 0, L_0000018dc11bec90;  1 drivers
v0000018dc117e0c0_0 .net "Tpl_117", 0 0, L_0000018dc11fbef0;  1 drivers
v0000018dc117e520_0 .net "Tpl_118", 0 0, L_0000018dc11fbd10;  1 drivers
v0000018dc117e660_0 .var "Tpl_119", 4 0;
v0000018dc117ed40_0 .var "Tpl_120", 8 0;
v0000018dc117ede0_0 .net "Tpl_29", 0 0, L_0000018dc1181b30;  1 drivers
v0000018dc117f060_0 .net "Tpl_30", 0 0, L_0000018dc1181890;  1 drivers
v0000018dc117f560_0 .net "Tpl_31", 0 0, L_0000018dc1181ba0;  1 drivers
v0000018dc117f740_0 .net "Tpl_32", 0 0, L_0000018dc1181cf0;  1 drivers
v0000018dc11f8550_0 .net "Tpl_33", 7 0, L_0000018dc1181970;  1 drivers
v0000018dc11f8a50_0 .net "Tpl_34", 1 0, L_0000018dc1181eb0;  1 drivers
v0000018dc11f8ff0_0 .net "Tpl_35", 0 0, L_0000018dc1181f20;  1 drivers
v0000018dc11f8690_0 .net "Tpl_36", 0 0, L_0000018dc11820e0;  1 drivers
v0000018dc11f85f0_0 .net "Tpl_37", 0 0, L_0000018dc1181d60;  1 drivers
v0000018dc11f8af0_0 .net "Tpl_38", 0 0, L_0000018dc1182540;  1 drivers
v0000018dc11f9310_0 .var "Tpl_39", 0 0;
v0000018dc11f9450_0 .var "Tpl_40", 0 0;
v0000018dc11f93b0_0 .var "Tpl_41", 1 0;
v0000018dc11f9f90_0 .var "Tpl_42", 1 0;
v0000018dc11f8870_0 .var "Tpl_43", 2 0;
v0000018dc11f9b30_0 .var "Tpl_44", 2 0;
v0000018dc11f94f0_0 .var "Tpl_45", 1 0;
v0000018dc11f8910_0 .var "Tpl_46", 1 0;
v0000018dc11f9e50_0 .var "Tpl_47", 7 0;
v0000018dc11f8eb0_0 .net "Tpl_48", 0 0, L_0000018dc1181c10;  1 drivers
v0000018dc11f8190_0 .net "Tpl_49", 0 0, L_0000018dc1181820;  1 drivers
v0000018dc11f8410_0 .net "Tpl_50", 0 0, L_0000018dc1181ac0;  1 drivers
v0000018dc11f80f0_0 .net "Tpl_51", 0 0, L_0000018dc11825b0;  1 drivers
v0000018dc11f9ef0_0 .net "Tpl_52", 1 0, L_0000018dc11be9f0;  1 drivers
v0000018dc11f8730_0 .net "Tpl_53", 0 0, L_0000018dc11be0c0;  1 drivers
v0000018dc11f9630_0 .net "Tpl_54", 0 0, L_0000018dc11be670;  1 drivers
v0000018dc11f8f50_0 .net "Tpl_55", 0 0, L_0000018dc11bea60;  1 drivers
v0000018dc11f9bd0_0 .net "Tpl_56", 7 0, v0000018dc11f82d0_0;  1 drivers
v0000018dc11f8cd0_0 .net "Tpl_57", 0 0, L_0000018dc11fce60;  1 drivers
v0000018dc11f8230_0 .var "Tpl_58", 0 0;
v0000018dc11f8d70_0 .var "Tpl_59", 0 0;
v0000018dc11f87d0_0 .var "Tpl_60", 1 0;
v0000018dc11f9d10_0 .var "Tpl_61", 1 0;
v0000018dc11f99f0_0 .var "Tpl_62", 3 0;
v0000018dc11f9c70_0 .var "Tpl_63", 3 0;
v0000018dc11f8b90_0 .var "Tpl_64", 1 0;
v0000018dc11f89b0_0 .var "Tpl_65", 3 0;
v0000018dc11f84b0_0 .var "Tpl_66", 1 0;
v0000018dc11f82d0_0 .var "Tpl_67", 7 0;
v0000018dc11f9db0_0 .var "Tpl_68", 0 0;
v0000018dc11f9770_0 .var "Tpl_69", 0 0;
v0000018dc11f8370_0 .net "Tpl_71", 0 0, L_0000018dc11beb40;  1 drivers
v0000018dc11f9590_0 .net "Tpl_72", 0 0, L_0000018dc11be050;  1 drivers
v0000018dc11f96d0_0 .net "Tpl_73", 0 0, L_0000018dc11be360;  1 drivers
v0000018dc11f9130_0 .net "Tpl_74", 0 0, L_0000018dc11bebb0;  1 drivers
v0000018dc11f9810_0 .net "Tpl_75", 0 0, L_0000018dc11be600;  1 drivers
v0000018dc11f8c30_0 .net "Tpl_76", 3 0, L_0000018dc11bed00;  1 drivers
v0000018dc11f8e10_0 .net "Tpl_77", 11 0, L_0000018dc11be210;  1 drivers
v0000018dc11f98b0_0 .net "Tpl_78", 31 0, L_0000018dc11bde90;  1 drivers
v0000018dc11f9950_0 .net "Tpl_79", 0 0, L_0000018dc11faff0;  1 drivers
v0000018dc11f9090_0 .var "Tpl_80", 0 0;
v0000018dc11f91d0_0 .var "Tpl_81", 31 0;
v0000018dc11f9270_0 .net "Tpl_82", 0 0, L_0000018dc11be6e0;  1 drivers
v0000018dc11f9a90_0 .net "Tpl_83", 0 0, L_0000018dc11be590;  1 drivers
v0000018dc11baff0_0 .var "Tpl_84", 7 0;
v0000018dc11b9fb0_0 .net "Tpl_85", 7 0, L_0000018dc11be440;  1 drivers
v0000018dc11ba2d0_0 .var "Tpl_86", 1 0;
v0000018dc11ba370_0 .var "Tpl_87", 0 0;
v0000018dc11ba4b0_0 .var "Tpl_88", 0 0;
v0000018dc11b9e70_0 .var "Tpl_89", 0 0;
v0000018dc11bbb30_0 .var "Tpl_90", 0 0;
v0000018dc11bb130_0 .net "Tpl_91", 0 0, L_0000018dc11bec20;  1 drivers
v0000018dc11bb8b0_0 .net "Tpl_92", 0 0, L_0000018dc11be7c0;  1 drivers
v0000018dc11bad70_0 .net "Tpl_93", 0 0, L_0000018dc11be830;  1 drivers
v0000018dc11ba230_0 .net "Tpl_94", 0 0, L_0000018dc11fd2c0;  1 drivers
v0000018dc11bbbd0_0 .net "Tpl_95", 0 0, L_0000018dc11fd1e0;  1 drivers
v0000018dc11ba5f0_0 .net "Tpl_96", 0 0, L_0000018dc11fd330;  1 drivers
v0000018dc11b9f10_0 .net "Tpl_97", 0 0, L_0000018dc11fd720;  1 drivers
v0000018dc11bb1d0_0 .net "Tpl_98", 0 0, L_0000018dc11fced0;  1 drivers
v0000018dc11ba410_0 .net "Tpl_99", 0 0, L_0000018dc11fd480;  1 drivers
v0000018dc11bae10_0 .net *"_ivl_106", 0 0, L_0000018dc11fcf40;  1 drivers
v0000018dc11ba550_0 .net *"_ivl_109", 0 0, L_0000018dc11fd020;  1 drivers
v0000018dc11ba690_0 .net *"_ivl_113", 0 0, L_0000018dc11fd3a0;  1 drivers
v0000018dc11ba730_0 .net/2u *"_ivl_116", 0 0, L_0000018dc11fd8e8;  1 drivers
v0000018dc11ba9b0_0 .net *"_ivl_118", 0 0, L_0000018dc11fd790;  1 drivers
v0000018dc11bbc70_0 .net *"_ivl_120", 0 0, L_0000018dc11fd410;  1 drivers
v0000018dc11ba7d0_0 .net *"_ivl_122", 0 0, L_0000018dc11fd250;  1 drivers
v0000018dc11ba870_0 .net *"_ivl_124", 0 0, L_0000018dc11fcfb0;  1 drivers
v0000018dc11baaf0_0 .net *"_ivl_126", 0 0, L_0000018dc11fcb50;  1 drivers
L_0000018dc11fd930 .functor BUFT 1, C4<0>, C4<0>, C4<0>, C4<0>;
v0000018dc11bbd10_0 .net/2u *"_ivl_128", 0 0, L_0000018dc11fd930;  1 drivers
v0000018dc11ba910_0 .net *"_ivl_132", 31 0, L_0000018dc11fc670;  1 drivers
L_0000018dc11fd978 .functor BUFT 1, C4<00000000000000000000>, C4<0>, C4<0>, C4<0>;
v0000018dc11bb310_0 .net *"_ivl_135", 19 0, L_0000018dc11fd978;  1 drivers
L_0000018dc11fd9c0 .functor BUFT 1, C4<00000000000000000000000000000000>, C4<0>, C4<0>, C4<0>;
v0000018dc11ba050_0 .net/2u *"_ivl_136", 31 0, L_0000018dc11fd9c0;  1 drivers
v0000018dc11bb270_0 .net *"_ivl_138", 0 0, L_0000018dc11fc5d0;  1 drivers
v0000018dc11bb3b0_0 .net *"_ivl_142", 31 0, L_0000018dc11fc490;  1 drivers
L_0000018dc11fda08 .functor BUFT 1, C4<00000000000000000000>, C4<0>, C4<0>, C4<0>;
v0000018dc11bb9f0_0 .net *"_ivl_145", 19 0, L_0000018dc11fda08;  1 drivers
L_0000018dc11fda50 .functor BUFT 1, C4<00000000000000000000000000000000>, C4<0>, C4<0>, C4<0>;
v0000018dc11bb590_0 .net/2u *"_ivl_146", 31 0, L_0000018dc11fda50;  1 drivers
v0000018dc11baeb0_0 .net *"_ivl_148", 0 0, L_0000018dc11fae10;  1 drivers
v0000018dc11baa50_0 .net *"_ivl_152", 31 0, L_0000018dc11fb130;  1 drivers
L_0000018dc11fda98 .functor BUFT 1, C4<00000000000000000000>, C4<0>, C4<0>, C4<0>;
v0000018dc11bab90_0 .net *"_ivl_155", 19 0, L_0000018dc11fda98;  1 drivers
L_0000018dc11fdae0 .functor BUFT 1, C4<00000000000000000000000000000100>, C4<0>, C4<0>, C4<0>;
v0000018dc11bac30_0 .net/2u *"_ivl_156", 31 0, L_0000018dc11fdae0;  1 drivers
v0000018dc11bb770_0 .net *"_ivl_158", 0 0, L_0000018dc11faa50;  1 drivers
v0000018dc11baf50_0 .net *"_ivl_162", 31 0, L_0000018dc11fac30;  1 drivers
L_0000018dc11fdb28 .functor BUFT 1, C4<00000000000000000000>, C4<0>, C4<0>, C4<0>;
v0000018dc11bacd0_0 .net *"_ivl_165", 19 0, L_0000018dc11fdb28;  1 drivers
L_0000018dc11fdb70 .functor BUFT 1, C4<00000000000000000000000000001000>, C4<0>, C4<0>, C4<0>;
v0000018dc11bb090_0 .net/2u *"_ivl_166", 31 0, L_0000018dc11fdb70;  1 drivers
v0000018dc11bb810_0 .net *"_ivl_168", 0 0, L_0000018dc11fb4f0;  1 drivers
v0000018dc11bb450_0 .net *"_ivl_172", 31 0, L_0000018dc11fb3b0;  1 drivers
L_0000018dc11fdbb8 .functor BUFT 1, C4<00000000000000000000>, C4<0>, C4<0>, C4<0>;
v0000018dc11ba0f0_0 .net *"_ivl_175", 19 0, L_0000018dc11fdbb8;  1 drivers
L_0000018dc11fdc00 .functor BUFT 1, C4<00000000000000000000000000001000>, C4<0>, C4<0>, C4<0>;
v0000018dc11bb4f0_0 .net/2u *"_ivl_176", 31 0, L_0000018dc11fdc00;  1 drivers
v0000018dc11bb950_0 .net *"_ivl_178", 0 0, L_0000018dc11fc710;  1 drivers
v0000018dc11bb630_0 .net *"_ivl_182", 31 0, L_0000018dc11fb8b0;  1 drivers
L_0000018dc11fdc48 .functor BUFT 1, C4<00000000000000000000>, C4<0>, C4<0>, C4<0>;
v0000018dc11bb6d0_0 .net *"_ivl_185", 19 0, L_0000018dc11fdc48;  1 drivers
L_0000018dc11fdc90 .functor BUFT 1, C4<00000000000000000000000000001100>, C4<0>, C4<0>, C4<0>;
v0000018dc11bba90_0 .net/2u *"_ivl_186", 31 0, L_0000018dc11fdc90;  1 drivers
v0000018dc11ba190_0 .net *"_ivl_188", 0 0, L_0000018dc11fc530;  1 drivers
v0000018dc11bd960_0 .net *"_ivl_192", 31 0, L_0000018dc11fb590;  1 drivers
L_0000018dc11fdcd8 .functor BUFT 1, C4<00000000000000000000>, C4<0>, C4<0>, C4<0>;
v0000018dc11bdd20_0 .net *"_ivl_195", 19 0, L_0000018dc11fdcd8;  1 drivers
L_0000018dc11fdd20 .functor BUFT 1, C4<00000000000000000000000000001100>, C4<0>, C4<0>, C4<0>;
v0000018dc11bc920_0 .net/2u *"_ivl_196", 31 0, L_0000018dc11fdd20;  1 drivers
v0000018dc11bbe80_0 .net *"_ivl_198", 0 0, L_0000018dc11fbbd0;  1 drivers
v0000018dc11bc600_0 .net *"_ivl_202", 31 0, L_0000018dc11fb630;  1 drivers
L_0000018dc11fdd68 .functor BUFT 1, C4<00000000000000000000>, C4<0>, C4<0>, C4<0>;
v0000018dc11bd0a0_0 .net *"_ivl_205", 19 0, L_0000018dc11fdd68;  1 drivers
L_0000018dc11fddb0 .functor BUFT 1, C4<00000000000000000000000000010000>, C4<0>, C4<0>, C4<0>;
v0000018dc11bc060_0 .net/2u *"_ivl_206", 31 0, L_0000018dc11fddb0;  1 drivers
v0000018dc11bc380_0 .net *"_ivl_208", 0 0, L_0000018dc11fbdb0;  1 drivers
v0000018dc11bca60_0 .net *"_ivl_215", 7 0, L_0000018dc11fcca0;  1 drivers
v0000018dc11bc560_0 .net *"_ivl_220", 23 0, L_0000018dc11fbb30;  1 drivers
v0000018dc11bda00_0 .net *"_ivl_224", 7 0, v0000018dc117fc40_0;  1 drivers
v0000018dc11bd140_0 .net *"_ivl_229", 23 0, L_0000018dc11fb9f0;  1 drivers
v0000018dc11bc420_0 .net *"_ivl_233", 1 0, L_0000018dc11fd100;  1 drivers
v0000018dc11bc240_0 .net *"_ivl_237", 0 0, L_0000018dc11fca70;  1 drivers
v0000018dc11bc4c0_0 .net *"_ivl_241", 0 0, L_0000018dc11fcd10;  1 drivers
v0000018dc11bbf20_0 .net *"_ivl_245", 0 0, L_0000018dc11fd4f0;  1 drivers
v0000018dc11bbfc0_0 .net *"_ivl_250", 26 0, L_0000018dc11facd0;  1 drivers
v0000018dc11bce20_0 .net *"_ivl_254", 0 0, L_0000018dc11fcae0;  1 drivers
v0000018dc11bc6a0_0 .net *"_ivl_259", 30 0, L_0000018dc11fad70;  1 drivers
v0000018dc11bcec0_0 .net *"_ivl_263", 0 0, v0000018dc117e3e0_0;  1 drivers
v0000018dc11bc100_0 .net *"_ivl_267", 0 0, v0000018dc117e160_0;  1 drivers
v0000018dc11bdc80_0 .net *"_ivl_271", 0 0, v0000018dc117de40_0;  1 drivers
v0000018dc11bc740_0 .net *"_ivl_276", 28 0, L_0000018dc11fc0d0;  1 drivers
v0000018dc11bc7e0_0 .net *"_ivl_277", 31 0, L_0000018dc11fbf90;  1 drivers
L_0000018dc11fddf8 .functor BUFT 1, C4<000000000000000000000000000>, C4<0>, C4<0>, C4<0>;
v0000018dc11bcc40_0 .net *"_ivl_280", 26 0, L_0000018dc11fddf8;  1 drivers
L_0000018dc11fde40 .functor BUFT 1, C4<00000000000000000000000000000000>, C4<0>, C4<0>, C4<0>;
v0000018dc11bc1a0_0 .net/2u *"_ivl_281", 31 0, L_0000018dc11fde40;  1 drivers
v0000018dc11bcb00_0 .net *"_ivl_285", 31 0, L_0000018dc11fbe50;  1 drivers
L_0000018dc11fde88 .functor BUFT 1, C4<00000000000000000000000>, C4<0>, C4<0>, C4<0>;
v0000018dc11bd5a0_0 .net *"_ivl_288", 22 0, L_0000018dc11fde88;  1 drivers
L_0000018dc11fded0 .functor BUFT 1, C4<00000000000000000000000000000000>, C4<0>, C4<0>, C4<0>;
v0000018dc11bc2e0_0 .net/2u *"_ivl_289", 31 0, L_0000018dc11fded0;  1 drivers
v0000018dc11bdaa0_0 .net "clk", 0 0, o0000018dc11c1d68;  0 drivers
v0000018dc11bdb40_0 .net "clk_rx", 0 0, L_0000018dc11bdfe0;  1 drivers
v0000018dc11bd820_0 .net "clk_tx", 0 0, L_0000018dc11bed70;  1 drivers
v0000018dc11bc880_0 .net "cts_n", 0 0, o0000018dc11c1df8;  0 drivers
v0000018dc11bc9c0_0 .net "data_bit_num", 1 0, L_0000018dc11be910;  1 drivers
v0000018dc11bdbe0_0 .net "paddr", 11 0, o0000018dc11c1e58;  0 drivers
v0000018dc11bcba0_0 .net "parity_en", 0 0, L_0000018dc11bdf70;  1 drivers
v0000018dc11bd1e0_0 .net "parity_error", 0 0, v0000018dc11f8d70_0;  1 drivers
v0000018dc11bcce0_0 .net "parity_type", 0 0, L_0000018dc11bead0;  1 drivers
v0000018dc11bcd80_0 .net "pclk", 0 0, o0000018dc11c1f18;  0 drivers
v0000018dc11bcf60_0 .net "penable", 0 0, o0000018dc11c1f48;  0 drivers
v0000018dc11bd000_0 .net "prdata", 31 0, L_0000018dc11be2f0;  1 drivers
v0000018dc11bd280_0 .net "pready", 0 0, L_0000018dc11be520;  1 drivers
v0000018dc11bd320_0 .net "preset_n", 0 0, o0000018dc11c1fd8;  0 drivers
v0000018dc11bd3c0_0 .net "psel", 0 0, o0000018dc11c2008;  0 drivers
v0000018dc11bd460_0 .net "pslverr", 0 0, L_0000018dc11be280;  1 drivers
v0000018dc11bd500_0 .net "pstrb", 3 0, o0000018dc11c2068;  0 drivers
v0000018dc11bd640_0 .net "pwdata", 31 0, o0000018dc11c2098;  0 drivers
v0000018dc11bd6e0_0 .net "pwrite", 0 0, o0000018dc11c20c8;  0 drivers
v0000018dc11bd780_0 .net "reset_n", 0 0, o0000018dc11c20f8;  0 drivers
v0000018dc11bd8c0_0 .net "rts_n", 0 0, L_0000018dc11be3d0;  1 drivers
v0000018dc11fc170_0 .net "rx", 0 0, o0000018dc11c2158;  0 drivers
v0000018dc11fb450_0 .net "rx_data", 7 0, L_0000018dc11be130;  1 drivers
v0000018dc11fb810_0 .net "rx_done", 0 0, L_0000018dc11be1a0;  1 drivers
v0000018dc11fb1d0_0 .net "start_tx", 0 0, L_0000018dc11be750;  1 drivers
v0000018dc11fb090_0 .net "stop_bit_num", 0 0, L_0000018dc11bdf00;  1 drivers
v0000018dc11fba90_0 .net "tx", 0 0, L_0000018dc11823f0;  1 drivers
v0000018dc11fb270_0 .net "tx_data", 7 0, L_0000018dc11be4b0;  1 drivers
v0000018dc11fb310_0 .net "tx_done", 0 0, v0000018dc11f9450_0;  1 drivers
E_0000018dc1188870/0 .event negedge, v0000018dc117e020_0;
E_0000018dc1188870/1 .event posedge, v0000018dc117df80_0;
E_0000018dc1188870 .event/or E_0000018dc1188870/0, E_0000018dc1188870/1;
E_0000018dc11885f0 .event anyedge, v0000018dc11f9950_0, v0000018dc11f9810_0, v0000018dc11f8e10_0;
E_0000018dc1188830/0 .event anyedge, v0000018dc117e2a0_0, v0000018dc11ba5f0_0, v0000018dc117ec00_0, v0000018dc11bb1d0_0;
E_0000018dc1188830/1 .event anyedge, v0000018dc117fa60_0, v0000018dc11ba410_0, v0000018dc117dee0_0, v0000018dc117ef20_0;
E_0000018dc1188830/2 .event anyedge, v0000018dc117e980_0, v0000018dc117e840_0;
E_0000018dc1188830 .event/or E_0000018dc1188830/0, E_0000018dc1188830/1, E_0000018dc1188830/2;
E_0000018dc1188ab0/0 .event negedge, v0000018dc11f9a90_0;
E_0000018dc1188ab0/1 .event posedge, v0000018dc11f9270_0;
E_0000018dc1188ab0 .event/or E_0000018dc1188ab0/0, E_0000018dc1188ab0/1;
E_0000018dc11883b0 .event anyedge, v0000018dc11ba230_0;
E_0000018dc11884b0 .event anyedge, v0000018dc11bbbd0_0;
E_0000018dc11884f0/0 .event anyedge, v0000018dc11f87d0_0, v0000018dc11f99f0_0, v0000018dc11f84b0_0, v0000018dc11f8b90_0;
E_0000018dc11884f0/1 .event anyedge, v0000018dc11f9630_0, v0000018dc11f80f0_0, v0000018dc11f8f50_0, v0000018dc11f9770_0;
E_0000018dc11884f0/2 .event anyedge, v0000018dc11f9db0_0;
E_0000018dc11884f0 .event/or E_0000018dc11884f0/0, E_0000018dc11884f0/1, E_0000018dc11884f0/2;
E_0000018dc1188430/0 .event negedge, v0000018dc11f8190_0;
E_0000018dc1188430/1 .event posedge, v0000018dc11f8eb0_0;
E_0000018dc1188430 .event/or E_0000018dc1188430/0, E_0000018dc1188430/1;
E_0000018dc11888b0/0 .event anyedge, v0000018dc11f87d0_0, v0000018dc11f80f0_0, v0000018dc11f99f0_0, v0000018dc11f89b0_0;
E_0000018dc11888b0/1 .event anyedge, v0000018dc11f9c70_0, v0000018dc11f84b0_0, v0000018dc11f8b90_0;
E_0000018dc11888b0 .event/or E_0000018dc11888b0/0, E_0000018dc11888b0/1;
E_0000018dc1188670 .event anyedge, v0000018dc11f9630_0, v0000018dc11f8730_0;
E_0000018dc1188970 .event anyedge, v0000018dc11f9ef0_0;
E_0000018dc1188730/0 .event negedge, v0000018dc117f060_0;
E_0000018dc1188730/1 .event posedge, v0000018dc117ede0_0;
E_0000018dc1188730 .event/or E_0000018dc1188730/0, E_0000018dc1188730/1;
E_0000018dc11891f0/0 .event anyedge, v0000018dc11f93b0_0, v0000018dc11f9b30_0, v0000018dc11f8550_0, v0000018dc11f8690_0;
E_0000018dc11891f0/1 .event anyedge, v0000018dc11f8910_0, v0000018dc11f85f0_0, v0000018dc11f9e50_0;
E_0000018dc11891f0 .event/or E_0000018dc11891f0/0, E_0000018dc11891f0/1;
E_0000018dc11898f0/0 .event anyedge, v0000018dc11f93b0_0, v0000018dc11f8af0_0, v0000018dc117f740_0, v0000018dc117f560_0;
E_0000018dc11898f0/1 .event anyedge, v0000018dc11f9b30_0, v0000018dc11f8870_0, v0000018dc11f8910_0, v0000018dc11f94f0_0;
E_0000018dc11898f0 .event/or E_0000018dc11898f0/0, E_0000018dc11898f0/1;
E_0000018dc11892b0 .event anyedge, v0000018dc11f8690_0, v0000018dc11f8ff0_0;
E_0000018dc1189a70 .event anyedge, v0000018dc11f8a50_0, v0000018dc11f8550_0;
L_0000018dc11faff0 .functor MUXZ 1, L_0000018dc11fd930, L_0000018dc11fcb50, L_0000018dc11fd790, C4<>;
L_0000018dc11fc670 .concat [ 12 20 0 0], L_0000018dc11be210, L_0000018dc11fd978;
L_0000018dc11fc5d0 .cmp/eq 32, L_0000018dc11fc670, L_0000018dc11fd9c0;
L_0000018dc11fc490 .concat [ 12 20 0 0], L_0000018dc11be210, L_0000018dc11fda08;
L_0000018dc11fae10 .cmp/eq 32, L_0000018dc11fc490, L_0000018dc11fda50;
L_0000018dc11fb130 .concat [ 12 20 0 0], L_0000018dc11be210, L_0000018dc11fda98;
L_0000018dc11faa50 .cmp/eq 32, L_0000018dc11fb130, L_0000018dc11fdae0;
L_0000018dc11fac30 .concat [ 12 20 0 0], L_0000018dc11be210, L_0000018dc11fdb28;
L_0000018dc11fb4f0 .cmp/eq 32, L_0000018dc11fac30, L_0000018dc11fdb70;
L_0000018dc11fb3b0 .concat [ 12 20 0 0], L_0000018dc11be210, L_0000018dc11fdbb8;
L_0000018dc11fc710 .cmp/eq 32, L_0000018dc11fb3b0, L_0000018dc11fdc00;
L_0000018dc11fb8b0 .concat [ 12 20 0 0], L_0000018dc11be210, L_0000018dc11fdc48;
L_0000018dc11fc530 .cmp/eq 32, L_0000018dc11fb8b0, L_0000018dc11fdc90;
L_0000018dc11fb590 .concat [ 12 20 0 0], L_0000018dc11be210, L_0000018dc11fdcd8;
L_0000018dc11fbbd0 .cmp/eq 32, L_0000018dc11fb590, L_0000018dc11fdd20;
L_0000018dc11fb630 .concat [ 12 20 0 0], L_0000018dc11be210, L_0000018dc11fdd68;
L_0000018dc11fbdb0 .cmp/eq 32, L_0000018dc11fb630, L_0000018dc11fddb0;
L_0000018dc11faf50 .concat8 [ 8 24 0 0], L_0000018dc11fcca0, L_0000018dc11fbb30;
L_0000018dc11fbb30 .part L_0000018dc11bde90, 8, 24;
L_0000018dc11fc7b0 .concat8 [ 8 24 0 0], v0000018dc117fc40_0, L_0000018dc11fb9f0;
L_0000018dc11fb9f0 .part L_0000018dc11bde90, 8, 24;
LS_0000018dc11fab90_0_0 .concat8 [ 2 1 1 1], L_0000018dc11fd100, L_0000018dc11fca70, L_0000018dc11fcd10, L_0000018dc11fd4f0;
LS_0000018dc11fab90_0_4 .concat8 [ 27 0 0 0], L_0000018dc11facd0;
L_0000018dc11fab90 .concat8 [ 5 27 0 0], LS_0000018dc11fab90_0_0, LS_0000018dc11fab90_0_4;
L_0000018dc11facd0 .part L_0000018dc11bde90, 5, 27;
L_0000018dc11fbc70 .concat8 [ 1 31 0 0], L_0000018dc11fcae0, L_0000018dc11fad70;
L_0000018dc11fad70 .part L_0000018dc11bde90, 1, 31;
L_0000018dc11fb6d0 .concat8 [ 1 1 1 29], v0000018dc117e3e0_0, v0000018dc117e160_0, v0000018dc117de40_0, L_0000018dc11fc0d0;
L_0000018dc11fc0d0 .part L_0000018dc11bde90, 3, 29;
L_0000018dc11fbf90 .concat [ 5 27 0 0], v0000018dc117e660_0, L_0000018dc11fddf8;
L_0000018dc11fbd10 .cmp/eq 32, L_0000018dc11fbf90, L_0000018dc11fde40;
L_0000018dc11fbe50 .concat [ 9 23 0 0], v0000018dc117ed40_0, L_0000018dc11fde88;
L_0000018dc11fbef0 .cmp/eq 32, L_0000018dc11fbe50, L_0000018dc11fded0;
S_0000018dc119e2d0 .scope begin, "proc_data_bit_num_78" "proc_data_bit_num_78" 3 569, 3 569 0, S_0000018dc10d2f80;
 .timescale 0 0;
S_0000018dc119e460 .scope begin, "proc_parity_en_84" "proc_parity_en_84" 3 599, 3 599 0, S_0000018dc10d2f80;
 .timescale 0 0;
S_0000018dc119e5f0 .scope begin, "proc_parity_error_102" "proc_parity_error_102" 3 683, 3 683 0, S_0000018dc10d2f80;
 .timescale 0 0;
S_0000018dc119e780 .scope begin, "proc_parity_type_87" "proc_parity_type_87" 3 614, 3 614 0, S_0000018dc10d2f80;
 .timescale 0 0;
S_0000018dc119e910 .scope begin, "proc_rx_data_93" "proc_rx_data_93" 3 644, 3 644 0, S_0000018dc10d2f80;
 .timescale 0 0;
S_0000018dc119eaa0 .scope begin, "proc_rx_done_99" "proc_rx_done_99" 3 670, 3 670 0, S_0000018dc10d2f80;
 .timescale 0 0;
S_0000018dc119ec30 .scope begin, "proc_start_tx_90" "proc_start_tx_90" 3 629, 3 629 0, S_0000018dc10d2f80;
 .timescale 0 0;
S_0000018dc119edc0 .scope begin, "proc_stop_bit_num_81" "proc_stop_bit_num_81" 3 584, 3 584 0, S_0000018dc10d2f80;
 .timescale 0 0;
S_0000018dc119ef50 .scope begin, "proc_tx_done_96" "proc_tx_done_96" 3 657, 3 657 0, S_0000018dc10d2f80;
 .timescale 0 0;
S_0000018dc119f0e0 .scope begin, "proc_tx_write_data_75" "proc_tx_write_data_75" 3 554, 3 554 0, S_0000018dc10d2f80;
 .timescale 0 0;
    .scope S_0000018dc10d2f80;
T_0 ;
    %wait E_0000018dc1189a70;
    %load/vec4 v0000018dc11f8a50_0;
    %dup/vec4;
    %pushi/vec4 0, 0, 2;
    %cmp/u;
    %jmp/1 T_0.0, 6;
    %dup/vec4;
    %pushi/vec4 1, 0, 2;
    %cmp/u;
    %jmp/1 T_0.1, 6;
    %dup/vec4;
    %pushi/vec4 2, 0, 2;
    %cmp/u;
    %jmp/1 T_0.2, 6;
    %dup/vec4;
    %pushi/vec4 3, 0, 2;
    %cmp/u;
    %jmp/1 T_0.3, 6;
    %pushi/vec4 7, 0, 3;
    %store/vec4 v0000018dc11f8870_0, 0, 3;
    %jmp T_0.5;
T_0.0 ;
    %pushi/vec4 4, 0, 3;
    %store/vec4 v0000018dc11f8870_0, 0, 3;
    %load/vec4 v0000018dc11f8550_0;
    %parti/s 5, 0, 2;
    %pad/u 8;
    %store/vec4 v0000018dc11f9e50_0, 0, 8;
    %jmp T_0.5;
T_0.1 ;
    %pushi/vec4 5, 0, 3;
    %store/vec4 v0000018dc11f8870_0, 0, 3;
    %load/vec4 v0000018dc11f8550_0;
    %parti/s 6, 0, 2;
    %pad/u 8;
    %store/vec4 v0000018dc11f9e50_0, 0, 8;
    %jmp T_0.5;
T_0.2 ;
    %pushi/vec4 6, 0, 3;
    %store/vec4 v0000018dc11f8870_0, 0, 3;
    %load/vec4 v0000018dc11f8550_0;
    %parti/s 7, 0, 2;
    %pad/u 8;
    %store/vec4 v0000018dc11f9e50_0, 0, 8;
    %jmp T_0.5;
T_0.3 ;
    %pushi/vec4 7, 0, 3;
    %store/vec4 v0000018dc11f8870_0, 0, 3;
    %load/vec4 v0000018dc11f8550_0;
    %store/vec4 v0000018dc11f9e50_0, 0, 8;
    %jmp T_0.5;
T_0.5 ;
    %pop/vec4 1;
    %jmp T_0;
    .thread T_0, $push;
    .scope S_0000018dc10d2f80;
T_1 ;
    %wait E_0000018dc11892b0;
    %load/vec4 v0000018dc11f8690_0;
    %load/vec4 v0000018dc11f8ff0_0;
    %concat/vec4; draw_concat_vec4
    %dup/vec4;
    %pushi/vec4 0, 0, 2;
    %cmp/u;
    %jmp/1 T_1.0, 6;
    %dup/vec4;
    %pushi/vec4 1, 0, 2;
    %cmp/u;
    %jmp/1 T_1.1, 6;
    %dup/vec4;
    %pushi/vec4 2, 0, 2;
    %cmp/u;
    %jmp/1 T_1.2, 6;
    %dup/vec4;
    %pushi/vec4 3, 0, 2;
    %cmp/u;
    %jmp/1 T_1.3, 6;
    %pushi/vec4 0, 0, 2;
    %store/vec4 v0000018dc11f94f0_0, 0, 2;
    %jmp T_1.5;
T_1.0 ;
    %pushi/vec4 0, 0, 2;
    %store/vec4 v0000018dc11f94f0_0, 0, 2;
    %jmp T_1.5;
T_1.1 ;
    %pushi/vec4 1, 0, 2;
    %store/vec4 v0000018dc11f94f0_0, 0, 2;
    %jmp T_1.5;
T_1.2 ;
    %pushi/vec4 1, 0, 2;
    %store/vec4 v0000018dc11f94f0_0, 0, 2;
    %jmp T_1.5;
T_1.3 ;
    %pushi/vec4 2, 0, 2;
    %store/vec4 v0000018dc11f94f0_0, 0, 2;
    %jmp T_1.5;
T_1.5 ;
    %pop/vec4 1;
    %jmp T_1;
    .thread T_1, $push;
    .scope S_0000018dc10d2f80;
T_2 ;
    %wait E_0000018dc1188730;
    %load/vec4 v0000018dc117f060_0;
    %inv;
    %flag_set/vec4 8;
    %jmp/0xz  T_2.0, 8;
    %pushi/vec4 0, 0, 2;
    %assign/vec4 v0000018dc11f93b0_0, 0;
    %jmp T_2.1;
T_2.0 ;
    %load/vec4 v0000018dc11f9f90_0;
    %assign/vec4 v0000018dc11f93b0_0, 0;
    %load/vec4 v0000018dc11f93b0_0;
    %dup/vec4;
    %pushi/vec4 0, 0, 2;
    %cmp/u;
    %jmp/1 T_2.2, 6;
    %dup/vec4;
    %pushi/vec4 2, 0, 2;
    %cmp/u;
    %jmp/1 T_2.3, 6;
    %dup/vec4;
    %pushi/vec4 3, 0, 2;
    %cmp/u;
    %jmp/1 T_2.4, 6;
    %pushi/vec4 0, 0, 3;
    %assign/vec4 v0000018dc11f9b30_0, 0;
    %pushi/vec4 0, 0, 2;
    %assign/vec4 v0000018dc11f8910_0, 0;
    %jmp T_2.6;
T_2.2 ;
    %pushi/vec4 0, 0, 3;
    %assign/vec4 v0000018dc11f9b30_0, 0;
    %pushi/vec4 0, 0, 2;
    %assign/vec4 v0000018dc11f8910_0, 0;
    %jmp T_2.6;
T_2.3 ;
    %load/vec4 v0000018dc117f560_0;
    %flag_set/vec4 8;
    %jmp/0xz  T_2.7, 8;
    %load/vec4 v0000018dc11f9b30_0;
    %addi 1, 0, 3;
    %assign/vec4 v0000018dc11f9b30_0, 0;
    %jmp T_2.8;
T_2.7 ;
    %load/vec4 v0000018dc11f9b30_0;
    %assign/vec4 v0000018dc11f9b30_0, 0;
T_2.8 ;
    %jmp T_2.6;
T_2.4 ;
    %load/vec4 v0000018dc117f560_0;
    %flag_set/vec4 8;
    %jmp/0xz  T_2.9, 8;
    %load/vec4 v0000018dc11f8910_0;
    %addi 1, 0, 2;
    %assign/vec4 v0000018dc11f8910_0, 0;
    %jmp T_2.10;
T_2.9 ;
    %load/vec4 v0000018dc11f8910_0;
    %assign/vec4 v0000018dc11f8910_0, 0;
T_2.10 ;
    %jmp T_2.6;
T_2.6 ;
    %pop/vec4 1;
T_2.1 ;
    %jmp T_2;
    .thread T_2;
    .scope S_0000018dc10d2f80;
T_3 ;
    %wait E_0000018dc11898f0;
    %load/vec4 v0000018dc11f93b0_0;
    %dup/vec4;
    %pushi/vec4 0, 0, 2;
    %cmp/u;
    %jmp/1 T_3.0, 6;
    %dup/vec4;
    %pushi/vec4 1, 0, 2;
    %cmp/u;
    %jmp/1 T_3.1, 6;
    %dup/vec4;
    %pushi/vec4 2, 0, 2;
    %cmp/u;
    %jmp/1 T_3.2, 6;
    %dup/vec4;
    %pushi/vec4 3, 0, 2;
    %cmp/u;
    %jmp/1 T_3.3, 6;
    %pushi/vec4 0, 0, 2;
    %store/vec4 v0000018dc11f9f90_0, 0, 2;
    %jmp T_3.5;
T_3.0 ;
    %load/vec4 v0000018dc11f8af0_0;
    %flag_set/vec4 10;
    %flag_get/vec4 10;
    %jmp/0 T_3.9, 10;
    %load/vec4 v0000018dc117f740_0;
    %nor/r;
    %and;
T_3.9;
    %flag_set/vec4 9;
    %flag_get/vec4 9;
    %jmp/0 T_3.8, 9;
    %load/vec4 v0000018dc117f560_0;
    %and;
T_3.8;
    %flag_set/vec4 8;
    %jmp/0xz  T_3.6, 8;
    %pushi/vec4 1, 0, 2;
    %store/vec4 v0000018dc11f9f90_0, 0, 2;
    %jmp T_3.7;
T_3.6 ;
    %pushi/vec4 0, 0, 2;
    %store/vec4 v0000018dc11f9f90_0, 0, 2;
T_3.7 ;
    %jmp T_3.5;
T_3.1 ;
    %load/vec4 v0000018dc117f560_0;
    %flag_set/vec4 8;
    %jmp/0xz  T_3.10, 8;
    %pushi/vec4 2, 0, 2;
    %store/vec4 v0000018dc11f9f90_0, 0, 2;
    %jmp T_3.11;
T_3.10 ;
    %pushi/vec4 1, 0, 2;
    %store/vec4 v0000018dc11f9f90_0, 0, 2;
T_3.11 ;
    %jmp T_3.5;
T_3.2 ;
    %load/vec4 v0000018dc117f560_0;
    %flag_set/vec4 8;
    %jmp/0xz  T_3.12, 8;
    %load/vec4 v0000018dc11f9b30_0;
    %load/vec4 v0000018dc11f8870_0;
    %cmp/e;
    %jmp/0xz  T_3.14, 4;
    %pushi/vec4 3, 0, 2;
    %store/vec4 v0000018dc11f9f90_0, 0, 2;
    %jmp T_3.15;
T_3.14 ;
    %pushi/vec4 2, 0, 2;
    %store/vec4 v0000018dc11f9f90_0, 0, 2;
T_3.15 ;
    %jmp T_3.13;
T_3.12 ;
    %pushi/vec4 2, 0, 2;
    %store/vec4 v0000018dc11f9f90_0, 0, 2;
T_3.13 ;
    %jmp T_3.5;
T_3.3 ;
    %load/vec4 v0000018dc117f560_0;
    %flag_set/vec4 8;
    %jmp/0xz  T_3.16, 8;
    %load/vec4 v0000018dc11f8910_0;
    %load/vec4 v0000018dc11f94f0_0;
    %cmp/e;
    %jmp/0xz  T_3.18, 4;
    %pushi/vec4 0, 0, 2;
    %store/vec4 v0000018dc11f9f90_0, 0, 2;
    %jmp T_3.19;
T_3.18 ;
    %pushi/vec4 3, 0, 2;
    %store/vec4 v0000018dc11f9f90_0, 0, 2;
T_3.19 ;
    %jmp T_3.17;
T_3.16 ;
    %pushi/vec4 3, 0, 2;
    %store/vec4 v0000018dc11f9f90_0, 0, 2;
T_3.17 ;
    %jmp T_3.5;
T_3.5 ;
    %pop/vec4 1;
    %jmp T_3;
    .thread T_3, $push;
    .scope S_0000018dc10d2f80;
T_4 ;
    %wait E_0000018dc11891f0;
    %load/vec4 v0000018dc11f93b0_0;
    %dup/vec4;
    %pushi/vec4 0, 0, 2;
    %cmp/u;
    %jmp/1 T_4.0, 6;
    %dup/vec4;
    %pushi/vec4 1, 0, 2;
    %cmp/u;
    %jmp/1 T_4.1, 6;
    %dup/vec4;
    %pushi/vec4 2, 0, 2;
    %cmp/u;
    %jmp/1 T_4.2, 6;
    %dup/vec4;
    %pushi/vec4 3, 0, 2;
    %cmp/u;
    %jmp/1 T_4.3, 6;
    %pushi/vec4 1, 0, 1;
    %store/vec4 v0000018dc11f9310_0, 0, 1;
    %jmp T_4.5;
T_4.0 ;
    %pushi/vec4 1, 0, 1;
    %store/vec4 v0000018dc11f9310_0, 0, 1;
    %jmp T_4.5;
T_4.1 ;
    %pushi/vec4 0, 0, 1;
    %store/vec4 v0000018dc11f9310_0, 0, 1;
    %jmp T_4.5;
T_4.2 ;
    %load/vec4 v0000018dc11f8550_0;
    %load/vec4 v0000018dc11f9b30_0;
    %part/u 1;
    %store/vec4 v0000018dc11f9310_0, 0, 1;
    %jmp T_4.5;
T_4.3 ;
    %load/vec4 v0000018dc11f8690_0;
    %flag_set/vec4 9;
    %flag_get/vec4 9;
    %jmp/0 T_4.8, 9;
    %load/vec4 v0000018dc11f8910_0;
    %pad/u 32;
    %pushi/vec4 0, 0, 32;
    %cmp/e;
    %flag_get/vec4 4;
    %and;
T_4.8;
    %flag_set/vec4 8;
    %jmp/0xz  T_4.6, 8;
    %load/vec4 v0000018dc11f85f0_0;
    %flag_set/vec4 8;
    %jmp/0 T_4.9, 8;
    %load/vec4 v0000018dc11f9e50_0;
    %xor/r;
    %jmp/1 T_4.10, 8;
T_4.9 ; End of true expr.
    %load/vec4 v0000018dc11f9e50_0;
    %xnor/r;
    %jmp/0 T_4.10, 8;
 ; End of false expr.
    %blend;
T_4.10;
    %store/vec4 v0000018dc11f9310_0, 0, 1;
    %jmp T_4.7;
T_4.6 ;
    %pushi/vec4 1, 0, 1;
    %store/vec4 v0000018dc11f9310_0, 0, 1;
T_4.7 ;
    %jmp T_4.5;
T_4.5 ;
    %pop/vec4 1;
    %jmp T_4;
    .thread T_4, $push;
    .scope S_0000018dc10d2f80;
T_5 ;
    %wait E_0000018dc1188730;
    %load/vec4 v0000018dc117f060_0;
    %inv;
    %flag_set/vec4 8;
    %jmp/0xz  T_5.0, 8;
    %pushi/vec4 1, 0, 1;
    %assign/vec4 v0000018dc11f9450_0, 0;
    %jmp T_5.1;
T_5.0 ;
    %load/vec4 v0000018dc117f560_0;
    %flag_set/vec4 8;
    %jmp/0xz  T_5.2, 8;
    %load/vec4 v0000018dc11f93b0_0;
    %cmpi/e 3, 0, 2;
    %flag_get/vec4 4;
    %jmp/0 T_5.7, 4;
    %load/vec4 v0000018dc11f8910_0;
    %load/vec4 v0000018dc11f94f0_0;
    %cmp/e;
    %flag_get/vec4 4;
    %and;
T_5.7;
    %flag_set/vec4 8;
    %jmp/1 T_5.6, 8;
    %load/vec4 v0000018dc11f93b0_0;
    %cmpi/e 0, 0, 2;
    %flag_or 8, 4;
T_5.6;
    %jmp/0xz  T_5.4, 8;
    %pushi/vec4 1, 0, 1;
    %assign/vec4 v0000018dc11f9450_0, 0;
    %jmp T_5.5;
T_5.4 ;
    %pushi/vec4 0, 0, 1;
    %assign/vec4 v0000018dc11f9450_0, 0;
T_5.5 ;
    %jmp T_5.3;
T_5.2 ;
    %load/vec4 v0000018dc11f9450_0;
    %assign/vec4 v0000018dc11f9450_0, 0;
T_5.3 ;
T_5.1 ;
    %jmp T_5;
    .thread T_5;
    .scope S_0000018dc10d2f80;
T_6 ;
    %wait E_0000018dc1188970;
    %load/vec4 v0000018dc11f9ef0_0;
    %dup/vec4;
    %pushi/vec4 0, 0, 2;
    %cmp/u;
    %jmp/1 T_6.0, 6;
    %dup/vec4;
    %pushi/vec4 1, 0, 2;
    %cmp/u;
    %jmp/1 T_6.1, 6;
    %dup/vec4;
    %pushi/vec4 2, 0, 2;
    %cmp/u;
    %jmp/1 T_6.2, 6;
    %dup/vec4;
    %pushi/vec4 3, 0, 2;
    %cmp/u;
    %jmp/1 T_6.3, 6;
    %pushi/vec4 8, 0, 4;
    %store/vec4 v0000018dc11f9c70_0, 0, 4;
    %jmp T_6.5;
T_6.0 ;
    %pushi/vec4 5, 0, 4;
    %store/vec4 v0000018dc11f9c70_0, 0, 4;
    %jmp T_6.5;
T_6.1 ;
    %pushi/vec4 6, 0, 4;
    %store/vec4 v0000018dc11f9c70_0, 0, 4;
    %jmp T_6.5;
T_6.2 ;
    %pushi/vec4 7, 0, 4;
    %store/vec4 v0000018dc11f9c70_0, 0, 4;
    %jmp T_6.5;
T_6.3 ;
    %pushi/vec4 8, 0, 4;
    %store/vec4 v0000018dc11f9c70_0, 0, 4;
    %jmp T_6.5;
T_6.5 ;
    %pop/vec4 1;
    %jmp T_6;
    .thread T_6, $push;
    .scope S_0000018dc10d2f80;
T_7 ;
    %wait E_0000018dc1188670;
    %load/vec4 v0000018dc11f9630_0;
    %load/vec4 v0000018dc11f8730_0;
    %concat/vec4; draw_concat_vec4
    %dup/vec4;
    %pushi/vec4 0, 0, 2;
    %cmp/u;
    %jmp/1 T_7.0, 6;
    %dup/vec4;
    %pushi/vec4 1, 0, 2;
    %cmp/u;
    %jmp/1 T_7.1, 6;
    %dup/vec4;
    %pushi/vec4 2, 0, 2;
    %cmp/u;
    %jmp/1 T_7.2, 6;
    %dup/vec4;
    %pushi/vec4 3, 0, 2;
    %cmp/u;
    %jmp/1 T_7.3, 6;
    %pushi/vec4 1, 0, 2;
    %store/vec4 v0000018dc11f8b90_0, 0, 2;
    %jmp T_7.5;
T_7.0 ;
    %pushi/vec4 1, 0, 2;
    %store/vec4 v0000018dc11f8b90_0, 0, 2;
    %jmp T_7.5;
T_7.1 ;
    %pushi/vec4 2, 0, 2;
    %store/vec4 v0000018dc11f8b90_0, 0, 2;
    %jmp T_7.5;
T_7.2 ;
    %pushi/vec4 2, 0, 2;
    %store/vec4 v0000018dc11f8b90_0, 0, 2;
    %jmp T_7.5;
T_7.3 ;
    %pushi/vec4 3, 0, 2;
    %store/vec4 v0000018dc11f8b90_0, 0, 2;
    %jmp T_7.5;
T_7.5 ;
    %pop/vec4 1;
    %jmp T_7;
    .thread T_7, $push;
    .scope S_0000018dc10d2f80;
T_8 ;
    %wait E_0000018dc11888b0;
    %load/vec4 v0000018dc11f87d0_0;
    %dup/vec4;
    %pushi/vec4 3, 0, 2;
    %cmp/u;
    %jmp/1 T_8.0, 6;
    %dup/vec4;
    %pushi/vec4 0, 0, 2;
    %cmp/u;
    %jmp/1 T_8.1, 6;
    %dup/vec4;
    %pushi/vec4 1, 0, 2;
    %cmp/u;
    %jmp/1 T_8.2, 6;
    %dup/vec4;
    %pushi/vec4 2, 0, 2;
    %cmp/u;
    %jmp/1 T_8.3, 6;
    %pushi/vec4 3, 0, 2;
    %store/vec4 v0000018dc11f9d10_0, 0, 2;
    %jmp T_8.5;
T_8.0 ;
    %load/vec4 v0000018dc11f80f0_0;
    %nor/r;
    %flag_set/vec4 8;
    %jmp/0xz  T_8.6, 8;
    %pushi/vec4 0, 0, 2;
    %store/vec4 v0000018dc11f9d10_0, 0, 2;
    %jmp T_8.7;
T_8.6 ;
    %pushi/vec4 3, 0, 2;
    %store/vec4 v0000018dc11f9d10_0, 0, 2;
T_8.7 ;
    %jmp T_8.5;
T_8.1 ;
    %load/vec4 v0000018dc11f99f0_0;
    %pad/u 32;
    %cmpi/e 15, 0, 32;
    %jmp/0xz  T_8.8, 4;
    %pushi/vec4 1, 0, 2;
    %store/vec4 v0000018dc11f9d10_0, 0, 2;
    %jmp T_8.9;
T_8.8 ;
    %pushi/vec4 0, 0, 2;
    %store/vec4 v0000018dc11f9d10_0, 0, 2;
T_8.9 ;
    %jmp T_8.5;
T_8.2 ;
    %load/vec4 v0000018dc11f99f0_0;
    %pad/u 32;
    %cmpi/e 15, 0, 32;
    %flag_get/vec4 4;
    %jmp/0 T_8.12, 4;
    %load/vec4 v0000018dc11f89b0_0;
    %load/vec4 v0000018dc11f9c70_0;
    %cmp/e;
    %flag_get/vec4 4;
    %and;
T_8.12;
    %flag_set/vec4 8;
    %jmp/0xz  T_8.10, 8;
    %pushi/vec4 2, 0, 2;
    %store/vec4 v0000018dc11f9d10_0, 0, 2;
    %jmp T_8.11;
T_8.10 ;
    %pushi/vec4 1, 0, 2;
    %store/vec4 v0000018dc11f9d10_0, 0, 2;
T_8.11 ;
    %jmp T_8.5;
T_8.3 ;
    %load/vec4 v0000018dc11f99f0_0;
    %pad/u 32;
    %cmpi/e 15, 0, 32;
    %flag_get/vec4 4;
    %jmp/0 T_8.15, 4;
    %load/vec4 v0000018dc11f84b0_0;
    %load/vec4 v0000018dc11f8b90_0;
    %cmp/e;
    %flag_get/vec4 4;
    %and;
T_8.15;
    %flag_set/vec4 8;
    %jmp/0xz  T_8.13, 8;
    %pushi/vec4 3, 0, 2;
    %store/vec4 v0000018dc11f9d10_0, 0, 2;
    %jmp T_8.14;
T_8.13 ;
    %pushi/vec4 2, 0, 2;
    %store/vec4 v0000018dc11f9d10_0, 0, 2;
T_8.14 ;
    %jmp T_8.5;
T_8.5 ;
    %pop/vec4 1;
    %jmp T_8;
    .thread T_8, $push;
    .scope S_0000018dc10d2f80;
T_9 ;
    %wait E_0000018dc1188430;
    %load/vec4 v0000018dc11f8190_0;
    %inv;
    %flag_set/vec4 8;
    %jmp/0xz  T_9.0, 8;
    %pushi/vec4 0, 0, 2;
    %assign/vec4 v0000018dc11f87d0_0, 0;
    %pushi/vec4 0, 0, 4;
    %assign/vec4 v0000018dc11f89b0_0, 0;
    %pushi/vec4 0, 0, 2;
    %assign/vec4 v0000018dc11f84b0_0, 0;
    %pushi/vec4 0, 0, 4;
    %assign/vec4 v0000018dc11f99f0_0, 0;
    %jmp T_9.1;
T_9.0 ;
    %load/vec4 v0000018dc11f9d10_0;
    %assign/vec4 v0000018dc11f87d0_0, 0;
    %load/vec4 v0000018dc11f87d0_0;
    %dup/vec4;
    %pushi/vec4 3, 0, 2;
    %cmp/u;
    %jmp/1 T_9.2, 6;
    %dup/vec4;
    %pushi/vec4 0, 0, 2;
    %cmp/u;
    %jmp/1 T_9.3, 6;
    %dup/vec4;
    %pushi/vec4 1, 0, 2;
    %cmp/u;
    %jmp/1 T_9.4, 6;
    %dup/vec4;
    %pushi/vec4 2, 0, 2;
    %cmp/u;
    %jmp/1 T_9.5, 6;
    %jmp T_9.6;
T_9.2 ;
    %pushi/vec4 0, 0, 4;
    %assign/vec4 v0000018dc11f99f0_0, 0;
    %pushi/vec4 0, 0, 1;
    %assign/vec4 v0000018dc11f9770_0, 0;
    %jmp T_9.6;
T_9.3 ;
    %pushi/vec4 0, 0, 4;
    %assign/vec4 v0000018dc11f89b0_0, 0;
    %pushi/vec4 0, 0, 2;
    %assign/vec4 v0000018dc11f84b0_0, 0;
    %load/vec4 v0000018dc11f8410_0;
    %flag_set/vec4 8;
    %jmp/0xz  T_9.7, 8;
    %load/vec4 v0000018dc11f99f0_0;
    %addi 1, 0, 4;
    %assign/vec4 v0000018dc11f99f0_0, 0;
    %load/vec4 v0000018dc11f99f0_0;
    %pad/u 32;
    %cmpi/e 15, 0, 32;
    %jmp/0xz  T_9.9, 4;
    %pushi/vec4 0, 0, 4;
    %assign/vec4 v0000018dc11f99f0_0, 0;
T_9.9 ;
    %jmp T_9.8;
T_9.7 ;
    %load/vec4 v0000018dc11f99f0_0;
    %assign/vec4 v0000018dc11f99f0_0, 0;
T_9.8 ;
    %jmp T_9.6;
T_9.4 ;
    %load/vec4 v0000018dc11f8410_0;
    %flag_set/vec4 8;
    %jmp/0xz  T_9.11, 8;
    %load/vec4 v0000018dc11f99f0_0;
    %addi 1, 0, 4;
    %assign/vec4 v0000018dc11f99f0_0, 0;
    %load/vec4 v0000018dc11f99f0_0;
    %pad/u 32;
    %cmpi/e 8, 0, 32;
    %jmp/0xz  T_9.13, 4;
    %load/vec4 v0000018dc11f89b0_0;
    %addi 1, 0, 4;
    %assign/vec4 v0000018dc11f89b0_0, 0;
    %load/vec4 v0000018dc11f80f0_0;
    %ix/load 5, 0, 0;
    %ix/getv 4, v0000018dc11f89b0_0;
    %assign/vec4/off/d v0000018dc11f82d0_0, 4, 5;
    %load/vec4 v0000018dc11f9770_0;
    %load/vec4 v0000018dc11f80f0_0;
    %xor;
    %assign/vec4 v0000018dc11f9770_0, 0;
    %jmp T_9.14;
T_9.13 ;
    %load/vec4 v0000018dc11f99f0_0;
    %pad/u 32;
    %cmpi/e 15, 0, 32;
    %jmp/0xz  T_9.15, 4;
    %pushi/vec4 0, 0, 4;
    %assign/vec4 v0000018dc11f99f0_0, 0;
T_9.15 ;
T_9.14 ;
    %jmp T_9.12;
T_9.11 ;
    %load/vec4 v0000018dc11f99f0_0;
    %assign/vec4 v0000018dc11f99f0_0, 0;
T_9.12 ;
    %jmp T_9.6;
T_9.5 ;
    %load/vec4 v0000018dc11f8410_0;
    %flag_set/vec4 8;
    %jmp/0xz  T_9.17, 8;
    %load/vec4 v0000018dc11f99f0_0;
    %addi 1, 0, 4;
    %assign/vec4 v0000018dc11f99f0_0, 0;
    %load/vec4 v0000018dc11f99f0_0;
    %pad/u 32;
    %cmpi/e 8, 0, 32;
    %jmp/0xz  T_9.19, 4;
    %load/vec4 v0000018dc11f84b0_0;
    %addi 1, 0, 2;
    %assign/vec4 v0000018dc11f84b0_0, 0;
    %jmp T_9.20;
T_9.19 ;
    %load/vec4 v0000018dc11f99f0_0;
    %pad/u 32;
    %cmpi/e 15, 0, 32;
    %jmp/0xz  T_9.21, 4;
    %pushi/vec4 0, 0, 4;
    %assign/vec4 v0000018dc11f99f0_0, 0;
T_9.21 ;
T_9.20 ;
    %jmp T_9.18;
T_9.17 ;
    %load/vec4 v0000018dc11f99f0_0;
    %assign/vec4 v0000018dc11f99f0_0, 0;
T_9.18 ;
    %jmp T_9.6;
T_9.6 ;
    %pop/vec4 1;
T_9.1 ;
    %jmp T_9;
    .thread T_9;
    .scope S_0000018dc10d2f80;
T_10 ;
    %wait E_0000018dc11884f0;
    %load/vec4 v0000018dc11f87d0_0;
    %dup/vec4;
    %pushi/vec4 3, 0, 2;
    %cmp/u;
    %jmp/1 T_10.0, 6;
    %dup/vec4;
    %pushi/vec4 0, 0, 2;
    %cmp/u;
    %jmp/1 T_10.1, 6;
    %dup/vec4;
    %pushi/vec4 1, 0, 2;
    %cmp/u;
    %jmp/1 T_10.2, 6;
    %dup/vec4;
    %pushi/vec4 2, 0, 2;
    %cmp/u;
    %jmp/1 T_10.3, 6;
    %pushi/vec4 0, 0, 1;
    %store/vec4 v0000018dc11f8230_0, 0, 1;
    %jmp T_10.5;
T_10.0 ;
    %pushi/vec4 1, 0, 1;
    %store/vec4 v0000018dc11f8230_0, 0, 1;
    %jmp T_10.5;
T_10.1 ;
    %pushi/vec4 1, 0, 1;
    %store/vec4 v0000018dc11f8230_0, 0, 1;
    %jmp T_10.5;
T_10.2 ;
    %pushi/vec4 0, 0, 1;
    %store/vec4 v0000018dc11f8230_0, 0, 1;
    %jmp T_10.5;
T_10.3 ;
    %load/vec4 v0000018dc11f99f0_0;
    %pad/u 32;
    %cmpi/e 15, 0, 32;
    %flag_get/vec4 4;
    %jmp/0 T_10.6, 4;
    %load/vec4 v0000018dc11f84b0_0;
    %load/vec4 v0000018dc11f8b90_0;
    %cmp/e;
    %flag_get/vec4 4;
    %and;
T_10.6;
    %store/vec4 v0000018dc11f8230_0, 0, 1;
    %load/vec4 v0000018dc11f84b0_0;
    %pad/u 32;
    %cmpi/e 0, 0, 32;
    %flag_get/vec4 4;
    %jmp/0 T_10.9, 4;
    %load/vec4 v0000018dc11f9630_0;
    %and;
T_10.9;
    %flag_set/vec4 8;
    %jmp/0xz  T_10.7, 8;
    %load/vec4 v0000018dc11f80f0_0;
    %store/vec4 v0000018dc11f9db0_0, 0, 1;
T_10.7 ;
    %load/vec4 v0000018dc11f9630_0;
    %flag_set/vec4 8;
    %jmp/0 T_10.10, 8;
    %load/vec4 v0000018dc11f8f50_0;
    %flag_set/vec4 9;
    %jmp/0 T_10.12, 9;
    %load/vec4 v0000018dc11f9770_0;
    %load/vec4 v0000018dc11f9db0_0;
    %cmp/ne;
    %flag_get/vec4 4;
    %jmp/1 T_10.13, 9;
T_10.12 ; End of true expr.
    %load/vec4 v0000018dc11f9770_0;
    %inv;
    %load/vec4 v0000018dc11f9db0_0;
    %cmp/ne;
    %flag_get/vec4 4;
    %jmp/0 T_10.13, 9;
 ; End of false expr.
    %blend;
T_10.13;
    %jmp/1 T_10.11, 8;
T_10.10 ; End of true expr.
    %pushi/vec4 0, 0, 1;
    %jmp/0 T_10.11, 8;
 ; End of false expr.
    %blend;
T_10.11;
    %store/vec4 v0000018dc11f8d70_0, 0, 1;
    %jmp T_10.5;
T_10.5 ;
    %pop/vec4 1;
    %jmp T_10;
    .thread T_10, $push;
    .scope S_0000018dc10d2f80;
T_11 ;
    %wait E_0000018dc11884b0;
    %load/vec4 v0000018dc11bbbd0_0;
    %nor/r;
    %flag_set/vec4 8;
    %jmp/0xz  T_11.0, 8;
    %pushi/vec4 0, 0, 1;
    %store/vec4 v0000018dc117efc0_0, 0, 1;
    %jmp T_11.1;
T_11.0 ;
    %pushi/vec4 1, 0, 1;
    %store/vec4 v0000018dc117efc0_0, 0, 1;
T_11.1 ;
    %jmp T_11;
    .thread T_11, $push;
    .scope S_0000018dc10d2f80;
T_12 ;
    %wait E_0000018dc11883b0;
    %load/vec4 v0000018dc11ba230_0;
    %nor/r;
    %flag_set/vec4 8;
    %jmp/0xz  T_12.0, 8;
    %pushi/vec4 0, 0, 1;
    %store/vec4 v0000018dc117fb00_0, 0, 1;
    %jmp T_12.1;
T_12.0 ;
    %pushi/vec4 1, 0, 1;
    %store/vec4 v0000018dc117fb00_0, 0, 1;
T_12.1 ;
    %jmp T_12;
    .thread T_12, $push;
    .scope S_0000018dc10d2f80;
T_13 ;
    %wait E_0000018dc1188ab0;
    %fork t_1, S_0000018dc119f0e0;
    %jmp t_0;
    .scope S_0000018dc119f0e0;
t_1 ;
    %load/vec4 v0000018dc11f9a90_0;
    %inv;
    %flag_set/vec4 8;
    %jmp/0xz  T_13.0, 8;
    %pushi/vec4 0, 0, 8;
    %assign/vec4 v0000018dc11baff0_0, 0;
    %jmp T_13.1;
T_13.0 ;
    %load/vec4 v0000018dc11b9f10_0;
    %flag_set/vec4 8;
    %jmp/0xz  T_13.2, 8;
    %load/vec4 v0000018dc11f8c30_0;
    %parti/s 1, 0, 2;
    %flag_set/vec4 8;
    %jmp/0xz  T_13.4, 8;
    %load/vec4 v0000018dc11f98b0_0;
    %parti/s 8, 0, 2;
    %assign/vec4 v0000018dc11baff0_0, 0;
T_13.4 ;
T_13.2 ;
T_13.1 ;
    %end;
    .scope S_0000018dc10d2f80;
t_0 %join;
    %jmp T_13;
    .thread T_13;
    .scope S_0000018dc10d2f80;
T_14 ;
    %wait E_0000018dc1188ab0;
    %fork t_3, S_0000018dc119e2d0;
    %jmp t_2;
    .scope S_0000018dc119e2d0;
t_3 ;
    %load/vec4 v0000018dc11f9a90_0;
    %inv;
    %flag_set/vec4 8;
    %jmp/0xz  T_14.0, 8;
    %pushi/vec4 0, 0, 2;
    %assign/vec4 v0000018dc11ba2d0_0, 0;
    %jmp T_14.1;
T_14.0 ;
    %load/vec4 v0000018dc117f1a0_0;
    %flag_set/vec4 8;
    %jmp/0xz  T_14.2, 8;
    %load/vec4 v0000018dc11f8c30_0;
    %parti/s 1, 0, 2;
    %flag_set/vec4 8;
    %jmp/0xz  T_14.4, 8;
    %load/vec4 v0000018dc11f98b0_0;
    %parti/s 2, 0, 2;
    %assign/vec4 v0000018dc11ba2d0_0, 0;
T_14.4 ;
T_14.2 ;
T_14.1 ;
    %end;
    .scope S_0000018dc10d2f80;
t_2 %join;
    %jmp T_14;
    .thread T_14;
    .scope S_0000018dc10d2f80;
T_15 ;
    %wait E_0000018dc1188ab0;
    %fork t_5, S_0000018dc119edc0;
    %jmp t_4;
    .scope S_0000018dc119edc0;
t_5 ;
    %load/vec4 v0000018dc11f9a90_0;
    %inv;
    %flag_set/vec4 8;
    %jmp/0xz  T_15.0, 8;
    %pushi/vec4 0, 0, 1;
    %assign/vec4 v0000018dc11ba370_0, 0;
    %jmp T_15.1;
T_15.0 ;
    %load/vec4 v0000018dc117f1a0_0;
    %flag_set/vec4 8;
    %jmp/0xz  T_15.2, 8;
    %load/vec4 v0000018dc11f8c30_0;
    %parti/s 1, 0, 2;
    %flag_set/vec4 8;
    %jmp/0xz  T_15.4, 8;
    %load/vec4 v0000018dc11f98b0_0;
    %parti/s 1, 2, 3;
    %assign/vec4 v0000018dc11ba370_0, 0;
T_15.4 ;
T_15.2 ;
T_15.1 ;
    %end;
    .scope S_0000018dc10d2f80;
t_4 %join;
    %jmp T_15;
    .thread T_15;
    .scope S_0000018dc10d2f80;
T_16 ;
    %wait E_0000018dc1188ab0;
    %fork t_7, S_0000018dc119e460;
    %jmp t_6;
    .scope S_0000018dc119e460;
t_7 ;
    %load/vec4 v0000018dc11f9a90_0;
    %inv;
    %flag_set/vec4 8;
    %jmp/0xz  T_16.0, 8;
    %pushi/vec4 0, 0, 1;
    %assign/vec4 v0000018dc11ba4b0_0, 0;
    %jmp T_16.1;
T_16.0 ;
    %load/vec4 v0000018dc117f1a0_0;
    %flag_set/vec4 8;
    %jmp/0xz  T_16.2, 8;
    %load/vec4 v0000018dc11f8c30_0;
    %parti/s 1, 0, 2;
    %flag_set/vec4 8;
    %jmp/0xz  T_16.4, 8;
    %load/vec4 v0000018dc11f98b0_0;
    %parti/s 1, 3, 3;
    %assign/vec4 v0000018dc11ba4b0_0, 0;
T_16.4 ;
T_16.2 ;
T_16.1 ;
    %end;
    .scope S_0000018dc10d2f80;
t_6 %join;
    %jmp T_16;
    .thread T_16;
    .scope S_0000018dc10d2f80;
T_17 ;
    %wait E_0000018dc1188ab0;
    %fork t_9, S_0000018dc119e780;
    %jmp t_8;
    .scope S_0000018dc119e780;
t_9 ;
    %load/vec4 v0000018dc11f9a90_0;
    %inv;
    %flag_set/vec4 8;
    %jmp/0xz  T_17.0, 8;
    %pushi/vec4 0, 0, 1;
    %assign/vec4 v0000018dc11b9e70_0, 0;
    %jmp T_17.1;
T_17.0 ;
    %load/vec4 v0000018dc117f1a0_0;
    %flag_set/vec4 8;
    %jmp/0xz  T_17.2, 8;
    %load/vec4 v0000018dc11f8c30_0;
    %parti/s 1, 0, 2;
    %flag_set/vec4 8;
    %jmp/0xz  T_17.4, 8;
    %load/vec4 v0000018dc11f98b0_0;
    %parti/s 1, 4, 4;
    %assign/vec4 v0000018dc11b9e70_0, 0;
T_17.4 ;
T_17.2 ;
T_17.1 ;
    %end;
    .scope S_0000018dc10d2f80;
t_8 %join;
    %jmp T_17;
    .thread T_17;
    .scope S_0000018dc10d2f80;
T_18 ;
    %wait E_0000018dc1188ab0;
    %fork t_11, S_0000018dc119ec30;
    %jmp t_10;
    .scope S_0000018dc119ec30;
t_11 ;
    %load/vec4 v0000018dc11f9a90_0;
    %inv;
    %flag_set/vec4 8;
    %jmp/0xz  T_18.0, 8;
    %pushi/vec4 0, 0, 1;
    %assign/vec4 v0000018dc11bbb30_0, 0;
    %jmp T_18.1;
T_18.0 ;
    %load/vec4 v0000018dc117e200_0;
    %flag_set/vec4 8;
    %jmp/0xz  T_18.2, 8;
    %load/vec4 v0000018dc11f8c30_0;
    %parti/s 1, 0, 2;
    %flag_set/vec4 8;
    %jmp/0xz  T_18.4, 8;
    %load/vec4 v0000018dc11f98b0_0;
    %parti/s 1, 0, 2;
    %assign/vec4 v0000018dc11bbb30_0, 0;
T_18.4 ;
T_18.2 ;
T_18.1 ;
    %end;
    .scope S_0000018dc10d2f80;
t_10 %join;
    %jmp T_18;
    .thread T_18;
    .scope S_0000018dc10d2f80;
T_19 ;
    %wait E_0000018dc1188ab0;
    %fork t_13, S_0000018dc119e910;
    %jmp t_12;
    .scope S_0000018dc119e910;
t_13 ;
    %load/vec4 v0000018dc11f9a90_0;
    %inv;
    %flag_set/vec4 8;
    %jmp/0xz  T_19.0, 8;
    %pushi/vec4 0, 0, 8;
    %assign/vec4 v0000018dc117fc40_0, 0;
    %jmp T_19.1;
T_19.0 ;
    %load/vec4 v0000018dc11b9fb0_0;
    %assign/vec4 v0000018dc117fc40_0, 0;
T_19.1 ;
    %end;
    .scope S_0000018dc10d2f80;
t_12 %join;
    %jmp T_19;
    .thread T_19;
    .scope S_0000018dc10d2f80;
T_20 ;
    %wait E_0000018dc1188ab0;
    %fork t_15, S_0000018dc119ef50;
    %jmp t_14;
    .scope S_0000018dc119ef50;
t_15 ;
    %load/vec4 v0000018dc11f9a90_0;
    %inv;
    %flag_set/vec4 8;
    %jmp/0xz  T_20.0, 8;
    %pushi/vec4 1, 0, 1;
    %assign/vec4 v0000018dc117e3e0_0, 0;
    %jmp T_20.1;
T_20.0 ;
    %load/vec4 v0000018dc11bb130_0;
    %assign/vec4 v0000018dc117e3e0_0, 0;
T_20.1 ;
    %end;
    .scope S_0000018dc10d2f80;
t_14 %join;
    %jmp T_20;
    .thread T_20;
    .scope S_0000018dc10d2f80;
T_21 ;
    %wait E_0000018dc1188ab0;
    %fork t_17, S_0000018dc119eaa0;
    %jmp t_16;
    .scope S_0000018dc119eaa0;
t_17 ;
    %load/vec4 v0000018dc11f9a90_0;
    %inv;
    %flag_set/vec4 8;
    %jmp/0xz  T_21.0, 8;
    %pushi/vec4 0, 0, 1;
    %assign/vec4 v0000018dc117e160_0, 0;
    %jmp T_21.1;
T_21.0 ;
    %load/vec4 v0000018dc11bb8b0_0;
    %assign/vec4 v0000018dc117e160_0, 0;
T_21.1 ;
    %end;
    .scope S_0000018dc10d2f80;
t_16 %join;
    %jmp T_21;
    .thread T_21;
    .scope S_0000018dc10d2f80;
T_22 ;
    %wait E_0000018dc1188ab0;
    %fork t_19, S_0000018dc119e5f0;
    %jmp t_18;
    .scope S_0000018dc119e5f0;
t_19 ;
    %load/vec4 v0000018dc11f9a90_0;
    %inv;
    %flag_set/vec4 8;
    %jmp/0xz  T_22.0, 8;
    %pushi/vec4 0, 0, 1;
    %assign/vec4 v0000018dc117de40_0, 0;
    %jmp T_22.1;
T_22.0 ;
    %load/vec4 v0000018dc11bad70_0;
    %assign/vec4 v0000018dc117de40_0, 0;
T_22.1 ;
    %end;
    .scope S_0000018dc10d2f80;
t_18 %join;
    %jmp T_22;
    .thread T_22;
    .scope S_0000018dc10d2f80;
T_23 ;
    %wait E_0000018dc1188830;
    %pushi/vec4 0, 0, 32;
    %store/vec4 v0000018dc11f91d0_0, 0, 32;
    %pushi/vec4 1, 0, 32;
    %dup/vec4;
    %load/vec4 v0000018dc11ba5f0_0;
    %pad/u 32;
    %cmp/u;
    %jmp/1 T_23.0, 6;
    %dup/vec4;
    %load/vec4 v0000018dc11bb1d0_0;
    %pad/u 32;
    %cmp/u;
    %jmp/1 T_23.1, 6;
    %dup/vec4;
    %load/vec4 v0000018dc11ba410_0;
    %pad/u 32;
    %cmp/u;
    %jmp/1 T_23.2, 6;
    %dup/vec4;
    %load/vec4 v0000018dc117ef20_0;
    %pad/u 32;
    %cmp/u;
    %jmp/1 T_23.3, 6;
    %dup/vec4;
    %load/vec4 v0000018dc117e840_0;
    %pad/u 32;
    %cmp/u;
    %jmp/1 T_23.4, 6;
    %pushi/vec4 0, 0, 32;
    %store/vec4 v0000018dc11f91d0_0, 0, 32;
    %jmp T_23.6;
T_23.0 ;
    %load/vec4 v0000018dc117e2a0_0;
    %store/vec4 v0000018dc11f91d0_0, 0, 32;
    %jmp T_23.6;
T_23.1 ;
    %load/vec4 v0000018dc117ec00_0;
    %store/vec4 v0000018dc11f91d0_0, 0, 32;
    %jmp T_23.6;
T_23.2 ;
    %load/vec4 v0000018dc117fa60_0;
    %store/vec4 v0000018dc11f91d0_0, 0, 32;
    %jmp T_23.6;
T_23.3 ;
    %load/vec4 v0000018dc117dee0_0;
    %store/vec4 v0000018dc11f91d0_0, 0, 32;
    %jmp T_23.6;
T_23.4 ;
    %load/vec4 v0000018dc117e980_0;
    %store/vec4 v0000018dc11f91d0_0, 0, 32;
    %jmp T_23.6;
T_23.6 ;
    %pop/vec4 1;
    %jmp T_23;
    .thread T_23, $push;
    .scope S_0000018dc10d2f80;
T_24 ;
    %wait E_0000018dc11885f0;
    %load/vec4 v0000018dc11f9950_0;
    %flag_set/vec4 9;
    %flag_get/vec4 9;
    %jmp/0 T_24.2, 9;
    %load/vec4 v0000018dc11f9810_0;
    %and;
T_24.2;
    %flag_set/vec4 8;
    %jmp/0xz  T_24.0, 8;
    %load/vec4 v0000018dc11f8e10_0;
    %pad/u 32;
    %cmpi/e 0, 0, 32;
    %jmp/0xz  T_24.3, 4;
    %pushi/vec4 0, 0, 1;
    %store/vec4 v0000018dc11f9090_0, 0, 1;
    %jmp T_24.4;
T_24.3 ;
    %load/vec4 v0000018dc11f8e10_0;
    %pad/u 32;
    %cmpi/e 4, 0, 32;
    %jmp/0xz  T_24.5, 4;
    %pushi/vec4 1, 0, 1;
    %store/vec4 v0000018dc11f9090_0, 0, 1;
    %jmp T_24.6;
T_24.5 ;
    %load/vec4 v0000018dc11f8e10_0;
    %pad/u 32;
    %cmpi/e 8, 0, 32;
    %jmp/0xz  T_24.7, 4;
    %pushi/vec4 0, 0, 1;
    %store/vec4 v0000018dc11f9090_0, 0, 1;
    %jmp T_24.8;
T_24.7 ;
    %load/vec4 v0000018dc11f8e10_0;
    %pad/u 32;
    %cmpi/e 12, 0, 32;
    %jmp/0xz  T_24.9, 4;
    %pushi/vec4 0, 0, 1;
    %store/vec4 v0000018dc11f9090_0, 0, 1;
    %jmp T_24.10;
T_24.9 ;
    %load/vec4 v0000018dc11f8e10_0;
    %pad/u 32;
    %cmpi/e 16, 0, 32;
    %jmp/0xz  T_24.11, 4;
    %pushi/vec4 1, 0, 1;
    %store/vec4 v0000018dc11f9090_0, 0, 1;
    %jmp T_24.12;
T_24.11 ;
    %pushi/vec4 1, 0, 1;
    %store/vec4 v0000018dc11f9090_0, 0, 1;
T_24.12 ;
T_24.10 ;
T_24.8 ;
T_24.6 ;
T_24.4 ;
    %jmp T_24.1;
T_24.0 ;
    %pushi/vec4 0, 0, 1;
    %store/vec4 v0000018dc11f9090_0, 0, 1;
T_24.1 ;
    %jmp T_24;
    .thread T_24, $push;
    .scope S_0000018dc10d2f80;
T_25 ;
    %wait E_0000018dc1188870;
    %load/vec4 v0000018dc117e020_0;
    %inv;
    %flag_set/vec4 8;
    %jmp/0xz  T_25.0, 8;
    %pushi/vec4 0, 0, 5;
    %assign/vec4 v0000018dc117e660_0, 0;
    %jmp T_25.1;
T_25.0 ;
    %load/vec4 v0000018dc117e660_0;
    %pad/u 32;
    %cmpi/e 27, 0, 32;
    %jmp/0xz  T_25.2, 4;
    %pushi/vec4 0, 0, 5;
    %assign/vec4 v0000018dc117e660_0, 0;
    %jmp T_25.3;
T_25.2 ;
    %load/vec4 v0000018dc117e660_0;
    %addi 1, 0, 5;
    %assign/vec4 v0000018dc117e660_0, 0;
T_25.3 ;
T_25.1 ;
    %jmp T_25;
    .thread T_25;
    .scope S_0000018dc10d2f80;
T_26 ;
    %wait E_0000018dc1188870;
    %load/vec4 v0000018dc117e020_0;
    %inv;
    %flag_set/vec4 8;
    %jmp/0xz  T_26.0, 8;
    %pushi/vec4 0, 0, 9;
    %assign/vec4 v0000018dc117ed40_0, 0;
    %jmp T_26.1;
T_26.0 ;
    %load/vec4 v0000018dc117ed40_0;
    %pad/u 32;
    %cmpi/e 434, 0, 32;
    %jmp/0xz  T_26.2, 4;
    %pushi/vec4 0, 0, 9;
    %assign/vec4 v0000018dc117ed40_0, 0;
    %jmp T_26.3;
T_26.2 ;
    %load/vec4 v0000018dc117ed40_0;
    %addi 1, 0, 9;
    %assign/vec4 v0000018dc117ed40_0, 0;
T_26.3 ;
T_26.1 ;
    %jmp T_26;
    .thread T_26;
# The file index is used to find the file name in the following table.
:file_names 4;
    "N/A";
    "<interactive>";
    "-";
    "../rtl/uart.sv";
